Oddysee

Level 1 of the Dungeon
(0, 0, D:1)
  11 arrows
(4, -5, D:1)
  a +0 robe
(7, -13, D:1)
  a +0 whip
  a +0 chain mail
(15, -6, D:1)
  a +0 whip
(15, -3, D:1)
  12 stones
(31, 16, D:1)
  17 arrows
(37, 9, D:1)
  a +0 club
(39, 0, D:1)
  a +0 dagger
(43, -7, D:1)
  a +0 dagger

Level 2 of the Dungeon
(0, 0, D:2)
  a stone
(0, 1, D:2)
  a +0 club
(2, 0, D:2)
  a stone
(3, 0, D:2)
  a stone
(4, -24, D:2)
  2 javelins
(4, 0, D:2)
  a stone
(6, 0, D:2)
  a stone
(15, -8, D:2)
  a +0 short sword
(17, -20, D:2)
  10 stones
(19, -7, D:2)
  21 stones
(26, -24, D:2)
  a +0 robe
(34, -26, D:2)
  a +0 hunting sling
(34, 5, D:2)
  20 stones
(38, -33, D:2)
  16 sling bullets

Level 3 of the Dungeon
(8, 18, D:3)
  a +0 whip
(8, 23, D:3)
  a +0 ring mail
(8, 29, D:3)
  3 stones
(9, 26, D:3)
  a +0 whip
(9, 27, D:3)
  3 stones
(10, 26, D:3)
  a +0 whip
  2 stones
(11, 18, D:3)
  a stone
(12, 18, D:3)
  a stone
(13, 19, D:3)
  a stone
(16, -3, D:3)
  a +0 whip
(16, 10, D:3)
  22 stones
(17, -1, D:3)
  a stone
(18, 0, D:3)
  a stone
(19, 1, D:3)
  a stone
(20, 2, D:3)
  a stone
(22, -18, D:3)
  a +0 dagger
(24, -7, D:3)
  a +0 club
  (unseen)
(25, -8, D:3)
  a +0 dagger
  a +0 robe
(25, 2, D:3)
  a cursed +0 quarterstaff
(27, -7, D:3)
  a +0 trident
  a +0 leather armour
(27, 18, D:3)
  17 stones
(30, 38, D:3)
  a +0 ring mail
(31, 7, D:3)
  a stone
(32, 10, D:3)
  a stone
(32, 11, D:3)
  a stone
(32, 12, D:3)
  a stone
  a +0 hunting sling
(32, 16, D:3)
  a +0 dagger
  a +0 hunting sling
  17 stones
(33, 4, D:3)
  a +0 hand axe
  20 stones
(33, 10, D:3)
  a stone
(34, -7, D:3)
  a +0 robe
(36, 21, D:3)
  12 stones
(46, 19, D:3)
  17 stones
(47, 17, D:3)
  a +0 ring mail
(52, 19, D:3)
  10 arrows

Level 4 of the Dungeon
(0, 0, D:4)
  a +0 leather armour
(2, 0, D:4)
  12 bolts
(12, 11, D:4)
  23 stones
(17, 9, D:4)
  a +0 leather armour
(17, 11, D:4)
  a +0 giant club
(18, 11, D:4)
  a +0 vampiric dagger
  a +0 leather armour
(18, 12, D:4)
  a +0 mace
  a +0 ring mail
(24, 5, D:4)
  33 bolts
(24, 24, D:4)
  a +0 club
(47, 24, D:4)
  24 arrows

Level 5 of the Dungeon
[Shop] Nugg's Weapon Boutique
  a +0 trident (42 gold)
  the +7 rapier of the Median {pierce, *Slow rN+ Dex+4} (660 gold)
    It inflicts extra damage upon your enemies.
    
    It affects your dexterity (+4).
    It protects you from negative energy.
    It may slow you when you take damage.
  a +0 flail of crushing (86 gold)
  a +3 giant club (224 gold)
  a +0 short sword (36 gold)
  a +0 long sword (42 gold)
  28 arrows (67 gold)
  a +3 great sword of distortion (398 gold)
  a +0 scythe (36 gold)
  a +0 spear (36 gold)
  a +0 dagger (24 gold)
[Shop] Sabruamu's Jewellery Boutique
  an uncursed ring of see invisible (195 gold)
  an uncursed ring of resist corrosion (260 gold)
  an uncursed ring of ice (325 gold)
  an uncursed ring of flight (227 gold)
  the amulet of Activism {Faith Stlth+} (647 gold)
    [amulet of faith]
    
    It allows you to gain divine favour quickly.
    It makes you more stealthy.
  a +4 ring of dexterity (351 gold)
  a +2 ring of intelligence (97 gold)
  a cursed ring of attention (58 gold)
  an uncursed ring of flight (227 gold)
  an uncursed amulet of rage (520 gold)
(0, 0, D:5)
  a +0 morningstar
(9, -10, D:5)
  a +0 falchion
  a +0 dagger
  a +0 robe
(13, 31, D:5)
  a +0 falchion
(16, -18, D:5)
  6 poisoned needles
(16, 15, D:5)
  a cursed amulet of inaccuracy
(16, 25, D:5)
  a +1 flail
(22, 32, D:5)
  a +0 dagger
  a +0 scale mail
(22, 33, D:5)
  a +0 dagger
  a +0 robe
(24, 32, D:5)
  a +0 club
  a +0 chain mail
(24, 33, D:5)
  a +0 flail
(26, 25, D:5)
  15 stones
(39, 8, D:5)
  a +0 robe
(47, 6, D:5)
  a +0 hunting sling

Level 6 of the Dungeon
[Shop] Quss's General Store
  2 potions of flight (66 gold)
  a scroll of identify (22 gold)
  19 stones (20 gold)
  a +0 falchion (33 gold)
  an uncursed ring of fire (275 gold)
  a +0 pair of gloves (49 gold)
  a scroll of noise (11 gold)
  a scroll of fear (38 gold)
  25 arrows (55 gold)
  a ration (55 gold)
  23 sling bullets (126 gold)
  2 potions of heal wounds (110 gold)
  a +0 leather armour (22 gold)
[Shop] Xevinefo's Weapon Emporium
  7 stones (7 gold)
  16 bolts (32 gold)
  a +2 spear of flaming (174 gold)
  7 steel tomahawks (105 gold)
  a +0 flail (35 gold)
  a +0 giant spiked club (19 gold)
  17 stones (17 gold)
  a +0 spear (30 gold)
(0, 0, D:6)
  a +0 shield
(10, 25, D:6)
  14 stones
(16, -2, D:6)
  a +0 ring mail
(20, 26, D:6)
  an arrow
(21, -12, D:6)
  a +0 club
(21, 22, D:6)
  19 arrows
  a +0 shortbow
(23, 19, D:6)
  an arrow
(24, 14, D:6)
  a +0 shortbow
  15 arrows
(24, 16, D:6)
  an arrow
(24, 17, D:6)
  5 needles of frenzy
(24, 18, D:6)
  2 arrows
(33, -8, D:6)
  25 sling bullets

Level 7 of the Dungeon
(0, 0, D:7)
  a +0 giant spiked club
(15, -21, D:7)
  27 bolts
(18, -8, D:7)
  a scroll of torment
(27, 3, D:7)
  a +0 scale mail
(31, -8, D:7)
  a +0 trident
(35, -19, D:7)
  a +0 hunting sling
(40, -4, D:7)
  a +0 club
  a +0 leather armour
(40, 10, D:7)
  a +0 longbow
(40, 15, D:7)
  a sling bullet
(40, 16, D:7)
  14 sling bullets
(41, 16, D:7)
  a sling bullet
(43, 16, D:7)
  a sling bullet
(45, 16, D:7)
  a +0 quarterstaff
  a +0 hunting sling
  14 sling bullets
  a +0 leather armour

Level 8 of the Dungeon
(0, 0, D:8)
  a +0 dagger
(0, 10, D:8)
  a +0 scale mail
(4, -27, D:8)
  25 stones
(8, -30, D:8)
  a +0 rapier
(13, 0, D:8)
  a +0 dagger of chaos
  a +1 robe of fire resistance
(23, 10, D:8)
  a +0 chain mail
(24, -5, D:8)
  18 bolts
(24, -4, D:8)
  8 gold pieces
(25, -4, D:8)
  a cursed -2 ring of dexterity
(25, 12, D:8)
  a +0 shortbow
  14 arrows
(26, 6, D:8)
  2 arrows
(26, 7, D:8)
  2 arrows
(26, 10, D:8)
  an arrow
(27, -8, D:8)
  17 stones
(28, -1, D:8)
  a wand of acid (9)
(32, 0, D:8)
  a +0 cloak
(37, -26, D:8)
  a +0 centaur barding
(39, -20, D:8)
  a +0 giant club

Level 9 of the Dungeon
(0, 0, D:9)
  a +0 spear
(4, 9, D:9)
  a +0 war axe
(6, 7, D:9)
  12 arrows
(8, -19, D:9)
  a +0 hand axe
  a +0 scale mail
(14, 6, D:9)
  a +0 ring mail
(16, 1, D:9)
  a cursed +0 shortbow
  18 arrows
(17, 3, D:9)
  2 arrows
(17, 12, D:9)
  a +1 short sword of venom
  3 tomahawks
(17, 19, D:9)
  a +0 hand axe
(17, 20, D:9)
  a +0 hand axe
(18, 5, D:9)
  an arrow
(18, 11, D:9)
  16 poisoned needles
(18, 13, D:9)
  a +0 falchion
  a +0 chain mail
(18, 14, D:9)
  a tomahawk
  a +0 war axe
  a +0 leather armour
(18, 31, D:9)
  a +0 leather armour
(19, 6, D:9)
  2 arrows
(19, 8, D:9)
  an arrow
(19, 14, D:9)
  a tomahawk
(21, -21, D:9)
  a +0 shortbow
  18 arrows
(21, -19, D:9)
  an arrow
(21, -18, D:9)
  an arrow
(21, -17, D:9)
  an arrow
(21, -16, D:9)
  an arrow
(21, -15, D:9)
  an arrow
(23, 14, D:9)
  11 arrows
  a +0 shortbow
(25, 12, D:9)
  an arrow
(26, 11, D:9)
  an arrow
(27, 10, D:9)
  an arrow
(28, 10, D:9)
  an arrow
(41, -3, D:9)
  a +0 club
  (unseen)
(41, 22, D:9)
  a +0 ring mail
(45, -9, D:9)
  a +2 ring of strength
(59, 25, D:9)
  a +0 dagger
  a +0 blowgun
  12 poisoned needles
(59, 26, D:9)
  a +0 short sword
  a +0 club
(59, 27, D:9)
  4 stones
  a +0 ring mail
(60, 26, D:9)
  a stone
  a poisoned needle
  a +0 dagger
(60, 28, D:9)
  a stone
(60, 29, D:9)
  a stone
(61, 29, D:9)
  a poisoned needle

Level 10 of the Dungeon
(0, 0, D:10)
  the +5 long sword of Nuxkiut {slice, SInv}
    It inflicts extra damage upon your enemies.
    
    It lets you see invisible.
(5, 26, D:10)
  12 bolts
(8, 25, D:10)
  a +0 flail
(8, 26, D:10)
  a cursed +0 chain mail
  a +0 hand axe
  a cursed -1 plate armour
  a +0 dagger
  a +0 scale mail
(8, 27, D:10)
  a +0 hand axe
  a +0 trident of venom
  a +0 chain mail
(8, 28, D:10)
  a +0 flail of holy wrath
(8, 29, D:10)
  a +0 flail
  a +0 mace
  a +0 ring mail
  a +0 hand axe
(9, 5, D:10)
  a +0 war axe
(9, 29, D:10)
  a +0 short sword
  a +0 dire flail
  a +0 plate armour
(9, 38, D:10)
  a +0 chain mail
  a +0 scale mail
(10, 29, D:10)
  a +0 flail
  a +0 chain mail
  a +0 hand axe
  a +0 leather armour
  a +0 hand axe
  a +0 leather armour
(10, 30, D:10)
  a +0 leather armour
(12, 40, D:10)
  a +0 flail of crushing
  a +0 scale mail
(14, 33, D:10)
  a +0 mace
  a +0 ring mail
(14, 39, D:10)
  a +0 leather armour
(14, 40, D:10)
  a +0 flail
  a +0 chain mail
(16, 32, D:10)
  a tomahawk
(16, 41, D:10)
  12 stones
(18, 32, D:10)
  a tomahawk
(19, 53, D:10)
  a javelin
(20, 54, D:10)
  a javelin
(22, 54, D:10)
  2 javelins
  a +0 scale mail
(23, 14, D:10)
  a cursed +0 buckler
(24, 5, D:10)
  a +0 ring mail
(24, 6, D:10)
  a +0 dagger
  a +0 robe
  a +0 leather armour
  a +0 hand axe
  a +0 ring mail
(25, 5, D:10)
  a +0 club
(27, 14, D:10)
  a potion of degeneration
(37, 37, D:10)
  a +0 giant club
  a cursed +0 giant spiked club
(39, 4, D:10)
  16 sling bullets

the Ecumenical Temple

Level 1 of the Orcish Mines
(0, 0, Orc:1)
  a large rock
(0, 4, Orc:1)
  a +0 troll leather armour
  a +0 leather armour
  a +0 mace
  a +0 chain mail
  a +0 war axe
  a +0 hand axe
  a +0 club
(1, -3, Orc:1)
  a +0 chain mail
  a +2 short sword of draining
(1, 4, Orc:1)
  a +0 dagger
  a +0 plate armour
  a +0 flail
  a +0 robe
  a +0 dagger
  a potion of degeneration
(2, -3, Orc:1)
  a +0 chain mail
  a +0 dire flail
(2, 5, Orc:1)
  a +0 flail
(3, -3, Orc:1)
  a large rock
  a +0 whip
  a cursed +0 dagger
  a +0 robe
(3, -2, Orc:1)
  a +0 dagger
(7, -7, Orc:1)
  2 large rocks
(8, -23, Orc:1)
  a cursed -2 flail
  a +0 dagger
  a +1 robe of resistance
(11, -21, Orc:1)
  a potion of flight
(12, -24, Orc:1)
  a +0 short sword
  a +0 dagger
  a +0 robe
(12, -23, Orc:1)
  a +0 club
(13, -24, Orc:1)
  a +0 long sword
  a +0 plate armour
(16, -18, Orc:1)
  3 tomahawks
  a +0 hand axe
(16, -17, Orc:1)
  a tomahawk
(16, -16, Orc:1)
  a tomahawk
(16, -15, Orc:1)
  a tomahawk
(17, -20, Orc:1)
  a cursed -2 trident
(17, -19, Orc:1)
  a +0 club
  a tomahawk of dispersal
(17, -18, Orc:1)
  a cursed -2 battleaxe
  a +0 chain mail
  a +0 dagger
  a +0 robe
(18, -22, Orc:1)
  a +0 whip
(18, -21, Orc:1)
  a +0 battleaxe
  a +0 chain mail
(19, -22, Orc:1)
  a +0 dagger

Level 2 of the Orcish Mines
[Shop] Nungam's Weapon Shop
  21 arrows (58 gold)
  the cursed +0 spear of Pride {freeze, rPois Int+3} (278 gold)
    It has been specially enchanted to freeze those struck by it, causing extra
    injury to most foes and up to half again as much damage against particularly
    susceptible opponents. It can also slow down cold-blooded creatures.
    
    It affects your intelligence (+3).
    It protects you from poison.
    It has a curse placed upon it.
  a +0 dagger (28 gold)
  18 sling bullets (126 gold)
  a +0 quarterstaff (56 gold)
  a +0 falchion (42 gold)
  21 stones (29 gold)
  a +0 dagger (28 gold)
  a +0 mace (42 gold)
  a +2 falchion of electrocution (273 gold)
  a +0 flail (49 gold)
[Shop] Xifufue's Weapon Boutique
  15 stones (24 gold)
  a +0 arbalest (72 gold)
  a +0 war axe (56 gold)
  a +0 short sword (48 gold)
  the cursed +14 obsidian axe {chop, +Fly SInv *Curse} (1380 gold)
    It inflicts extra damage upon your enemies.
    
    It lets you see invisible.
    It lets you fly.
    It curses itself when equipped.
    It has a curse placed upon it.
  a cursed -3 battleaxe (1 gold)
  a +3 dagger of venom (310 gold)
  22 arrows (70 gold)
  a +2 flail of protection (259 gold)
[Shop] Hitubb's Weapon Boutique
  a +0 club (16 gold)
  a +0 hand crossbow (56 gold)
  a cursed -1 trident (1 gold)
  a +0 dagger (32 gold)
  a +0 battleaxe (104 gold)
  a +2 short sword of draining (278 gold)
  a +2 arbalest of velocity (299 gold)
  9 arrows (28 gold)
  a +1 trident of freezing (212 gold)
  a +0 quarterstaff (64 gold)
[Shop] Raehen's Gadget Shoppe
  a wand of digging (14) (432 gold)
  a box of beasts (240 gold)
  a lightning rod (4/4) (480 gold)
  a wand of enslavement (9) (132 gold)
  a wand of paralysis (10) (144 gold)
  a wand of random effects (14) (96 gold)
  a wand of disintegration (16) (240 gold)
  a box of beasts (240 gold)
  a wand of disintegration (18) (264 gold)
  a fan of gales (480 gold)
[Shop] Qiodarr's Jewellery Shoppe
  an uncursed ring of positive energy (320 gold)
  an uncursed ring of magical power (320 gold)
  the amulet of Winter {rF- Regen+ Str+8 Int+6} (950 gold)
    [amulet of regeneration]
    
    It affects your strength (+8).
    It affects your intelligence (+6).
    It makes you vulnerable to fire.
    It increases your rate of regeneration.
  the ring "Aveuvil" {*Corrode +Inv rC+ MR+ Dex+7} (881 gold)
    [ring of protection from magic]
    
    It affects your dexterity (+7).
    It protects you from cold.
    It affects your resistance to hostile enchantments.
    It lets you turn invisible.
    It may corrode you when you take damage.
  a +3 ring of slaying (720 gold)
  the ring "Goxa Boa" {rC+ Str+3 Stlth+} (520 gold)
    [ring of strength]
    
    It affects your strength (+3).
    It protects you from cold.
    It makes you more stealthy.
  an uncursed amulet of guardian spirit (480 gold)
  a cursed ring of attention (72 gold)
  the ring of Heapuj {rF+ rC+ Str+6 Dex+4} (960 gold)
    [ring of protection from fire]
    
    It affects your strength (+6).
    It affects your dexterity (+4).
    It protects you from fire.
    It protects you from cold.
  an uncursed amulet of magic regeneration (480 gold)
  a cursed ring of attention (72 gold)
[Shop] Xarih's Distillery
  a potion of lignification (42 gold)
  a potion of lignification (42 gold)
  a potion of might (56 gold)
  a potion of cancellation (112 gold)
  a potion of flight (42 gold)
  a potion of curing (42 gold)
  a potion of magic (112 gold)
  a potion of curing (42 gold)
  2 potions of curing (84 gold)
  a potion of haste (140 gold)
[Shop] Keurun's Gadget Emporium
  a wand of random effects (22) (168 gold)
  a phantom mirror (420 gold)
  a wand of iceblast (11) (210 gold)
  a box of beasts (280 gold)
  a lamp of fire (560 gold)
  a lightning rod (4/4) (560 gold)
  a wand of digging (17) (588 gold)
  a sack of spiders (280 gold)
  a wand of acid (6) (280 gold)
[Shop] Silar's Weapon Boutique
  a +0 hand crossbow of flaming (107 gold)
  a +0 quarterstaff (52 gold)
  a +0 quarterstaff (52 gold)
  5 curare-tipped needles (39 gold)
  a +0 quarterstaff (52 gold)
  a +2 spear of venom (202 gold)
  a +0 battleaxe (84 gold)
  a +1 hunting sling of flaming (126 gold)
  a +0 shortbow (39 gold)
  18 arrows (46 gold)
  a +1 vampiric battleaxe (344 gold)
(0, 0, Orc:2)
  a +0 hand axe
(0, 2, Orc:2)
  a +0 trident
(1, 1, Orc:2)
  a +0 dagger of pain
  a +0 ring mail
(2, 1, Orc:2)
  a +0 whip
  a +0 ring mail
(26, -5, Orc:2)
  a +0 ring mail
(27, -13, Orc:2)
  a +0 whip
  a +0 robe
(27, -4, Orc:2)
  a +0 hand axe
  a cursed -2 ring mail
(27, -3, Orc:2)
  a +0 dagger
  a +0 robe
(28, -15, Orc:2)
  a +0 giant spiked club
(28, -13, Orc:2)
  a +0 giant spiked club
(29, -33, Orc:2)
  a +0 giant club
  a +0 giant club
(31, -27, Orc:2)
  a +0 giant spiked club
(31, -26, Orc:2)
  a +0 giant club
(31, -25, Orc:2)
  a +0 giant club
(33, -29, Orc:2)
  a +0 pair of gloves
  a +0 giant club
  a +0 giant club
  a cursed -3 giant club
  a +0 giant club
  a +0 giant club
(34, -28, Orc:2)
  a +0 giant spiked club
  a +0 flail
  a +0 robe
  a +0 giant club
  a +0 giant spiked club
  a +0 giant club
  a +0 giant spiked club
  a cursed -1 giant club
  a +0 dire flail
  a +0 giant spiked club
  a cursed -2 dire flail
  a +0 giant club
  a +0 giant club
  a +0 club
  a +0 robe
  a +0 giant club
  a +0 giant club
  a +0 giant spiked club
  a +0 giant club
  a +0 giant club
  a +0 giant spiked club
  a +0 giant club
  a +0 giant club
  a +0 giant club
  a +0 giant spiked club
  a +0 giant club
  a +0 giant club
(34, -6, Orc:2)
  a cursed -2 dire flail
  a +0 giant club
(36, -39, Orc:2)
  a +0 giant spiked club
(43, -20, Orc:2)
  a +0 giant club
(51, -30, Orc:2)
  a +0 giant spiked club
(51, -23, Orc:2)
  a +0 dagger of freezing
  a +0 robe
(53, -24, Orc:2)
  a +0 giant spiked club
(56, -44, Orc:2)
  a +1 spear of distortion
  a +0 robe
(56, -27, Orc:2)
  a +0 dire flail
  a +0 plate armour
(57, -42, Orc:2)
  a +0 giant club
  a +0 giant spiked club
(57, -41, Orc:2)
  a cursed -2 dire flail
  a +0 giant club
(57, -25, Orc:2)
  a +0 war axe
  a +0 chain mail
(57, -20, Orc:2)
  a +0 giant club
(59, -20, Orc:2)
  a +0 giant club
  a +0 giant club
(59, 7, Orc:2)
  a +0 giant club
  a cursed -2 giant club
(60, 6, Orc:2)
  a +0 morningstar
  a +0 plate armour
  a +0 giant club
  a +0 battleaxe
  a +0 chain mail

Level 1 of the Lair of Beasts
(0, 0, Lair:1)
  a +0 cloak
(4, -8, Lair:1)
  a +0 robe
(5, -25, Lair:1)
  a +0 scale mail
(8, -42, Lair:1)
  a cursed +0 scale mail
(9, 0, Lair:1)
  21 arrows
(13, -5, Lair:1)
  18 stones
(17, -39, Lair:1)
  an uncursed staff of cold
(33, -16, Lair:1)
  20 sling bullets
(41, -34, Lair:1)
  a sack of spiders
(49, 1, Lair:1)
  12 stones
(52, -16, Lair:1)
  a +0 robe

Level 2 of the Lair of Beasts
(0, 0, Lair:2)
  9 poisoned needles
(0, 10, Lair:2)
  15 poisoned needles
(1, 15, Lair:2)
  a book of Cantrips
(2, 50, Lair:2)
  21 stones
(3, 9, Lair:2)
  18 bolts
(4, 13, Lair:2)
  a potion of degeneration
(17, 32, Lair:2)
  26 stones
(19, 27, Lair:2)
  a curare-tipped needle
(21, 25, Lair:2)
  a curare-tipped needle
(21, 27, Lair:2)
  7 needles of sleeping
(21, 29, Lair:2)
  a +0 dagger of venom
  a +0 blowgun
  6 curare-tipped needles
(30, 24, Lair:2)
  15 arrows

Level 3 of the Lair of Beasts
(0, 0, Lair:3)
  an uncursed staff of fire
(23, -37, Lair:3)
  a +0 short sword of venom
(25, 5, Lair:3)
  3 needles of paralysis
(28, -13, Lair:3)
  24 arrows
(32, -2, Lair:3)
  22 stones
(33, 7, Lair:3)
  a scroll of magic mapping
(35, 13, Lair:3)
  18 stones
(36, -8, Lair:3)
  a +0 chain mail
(40, -40, Lair:3)
  a +0 arbalest
(41, 5, Lair:3)
  27 stones
(50, -38, Lair:3)
  24 stones
(51, -27, Lair:3)
  an uncursed staff of air

Level 4 of the Lair of Beasts
(17, -16, Lair:4)
  a +0 rapier
(37, -57, Lair:4)
  a +0 ring mail
(58, -14, Lair:4)
  24 stones

Level 5 of the Lair of Beasts
(0, 0, Lair:5)
  20 stones
(15, 12, Lair:5)
  a cursed -3 spear
(18, 21, Lair:5)
  a +0 dagger
(19, 16, Lair:5)
  26 stones
(20, -1, Lair:5)
  a +2 hat
  a +1 cloak
  a +0 dagger
  a +0 robe
(21, 31, Lair:5)
  a +0 scale mail
(24, 8, Lair:5)
  11 stones
(33, 24, Lair:5)
  5 large rocks
(33, 29, Lair:5)
  a stone
(34, 27, Lair:5)
  a stone
(36, 28, Lair:5)
  a stone
(36, 29, Lair:5)
  a stone
(37, 24, Lair:5)
  4 large rocks
(37, 26, Lair:5)
  a potion of flight

Level 6 of the Lair of Beasts
(0, 0, Lair:6)
  a +0 pair of boots
(5, 16, Lair:6)
  a +0 bardiche
(5, 27, Lair:6)
  a +0 broad axe
  a +1 war axe of flaming
  a +0 battleaxe
(8, 31, Lair:6)
  a +0 glaive
(10, 6, Lair:6)
  the cursed +0 leather armour of Modesty {+Inv rElec Int+2 Slay-4}
    It affects your intelligence (+2).
    It affects your accuracy and damage with ranged weapons and melee attacks
    (-4).
    It insulates you from electricity.
    It lets you turn invisible.
    It has a curse placed upon it.
(12, 30, Lair:6)
  a +0 war axe
(26, 6, Lair:6)
  23 sling bullets
(41, -31, Lair:6)
  14 bolts
(41, 31, Lair:6)
  a lamp of fire
(52, -25, Lair:6)
  an uncursed ring of wizardry
  a +2 ring of protection
  an uncursed ring of flight
(59, 1, Lair:6)
  12 stones

Level 1 of the Spider Nest
(7, -5, Spider:1)
  7 needles of confusion
(12, -20, Spider:1)
  an uncursed staff of power
(14, 3, Spider:1)
  a +0 pair of boots
(18, 6, Spider:1)
  an uncursed staff of conjuration
(21, -9, Spider:1)
  33 arrows
(25, 0, Spider:1)
  7 bolts
(28, 7, Spider:1)
  10 stones
(36, -23, Spider:1)
  a throwing net

Level 2 of the Spider Nest
(0, 0, Spider:2)
  18 stones
(8, -2, Spider:2)
  19 sling bullets
(11, 16, Spider:2)
  a +2 flail of crushing
(13, 3, Spider:2)
  a +3 ring of dexterity
  a +1 broad axe of electrocution
(13, 4, Spider:2)
  a potion of flight
(14, -1, Spider:2)
  18 bolts
(16, 13, Spider:2)
  the cursed +0 leather armour "Pam Dych" {rElec rF+ rC+ Int+5}
    It affects your intelligence (+5).
    It protects you from fire.
    It protects you from cold.
    It insulates you from electricity.
    It has a curse placed upon it.
(23, 22, Spider:2)
  a +0 cloak
(33, -7, Spider:2)
  a wolf spider corpse
(34, -2, Spider:2)
  a +0 rapier
(35, -8, Spider:2)
  a +0 hand axe
(36, 6, Spider:2)
  a +0 flail

Level 3 of the Spider Nest
(0, 0, Spider:3)
  a scroll of remove curse
(1, 0, Spider:3)
  an emperor scorpion corpse
(2, 1, Spider:3)
  a demonic crawler corpse

