Oddysee

Level 1 of the Dungeon
(0, 0, D:1)
  a stone
(1, 1, D:1)
  a stone
(1, 2, D:1)
  a stone
(1, 3, D:1)
  a stone
(1, 5, D:1)
  a stone
(10, -16, D:1)
  a +0 dagger
(18, -9, D:1)
  23 stones
(22, 2, D:1)
  a +0 club
(28, 1, D:1)
  a +0 helmet
(32, -17, D:1)
  a +0 hand axe
(35, 6, D:1)
  16 poisoned needles
(42, -16, D:1)
  a cursed -2 mace
(46, -21, D:1)
  20 stones

Level 2 of the Dungeon
(6, -7, D:2)
  a +0 whip
  a +0 whip
(6, -3, D:2)
  a throwing net
(7, -6, D:2)
  a +0 flail
(9, 18, D:2)
  a +0 club
(10, 17, D:2)
  a stone
(22, -21, D:2)
  a +0 whip
(30, 8, D:2)
  24 arrows
  a +0 hunting sling
(31, 18, D:2)
  a +0 club
(54, -1, D:2)
  a +0 dagger

Level 3 of the Dungeon
(0, 0, D:3)
  15 stones
(1, -24, D:3)
  a +0 scythe
  a +0 robe
(4, 4, D:3)
  a +0 club
  a +0 club
  a +0 war axe
(4, 12, D:3)
  a +0 club
(5, 3, D:3)
  a tomahawk
(5, 4, D:3)
  a +0 flail
  a +0 ring mail
(6, 1, D:3)
  a tomahawk
(6, 21, D:3)
  a +0 hunting sling
(7, -1, D:3)
  a tomahawk
(7, 0, D:3)
  a tomahawk
(9, -10, D:3)
  a stone
(9, 11, D:3)
  a +0 short sword
(10, -9, D:3)
  2 stones
(11, -9, D:3)
  a stone
(12, -9, D:3)
  a stone
(12, -8, D:3)
  2 stones
(14, -30, D:3)
  a +0 robe
(14, -24, D:3)
  19 sling bullets
(14, 17, D:3)
  a +0 rapier
(15, -9, D:3)
  a stone
(17, -9, D:3)
  a +0 hunting sling
  9 stones
(26, 4, D:3)
  a cursed +0 ring mail
(30, 4, D:3)
  17 bolts
(33, 14, D:3)
  a cursed -1 club
(36, 1, D:3)
  a +0 cloak
(36, 12, D:3)
  a +0 hand axe
(38, 6, D:3)
  a +0 short sword
(39, -21, D:3)
  28 sling bullets
(43, -8, D:3)
  4 tomahawks

Level 4 of the Dungeon
(0, 0, D:4)
  a +0 war axe
(14, -25, D:4)
  a +0 morningstar
(14, -12, D:4)
  a +1 cloak
(15, -27, D:4)
  a +0 scale mail
  a +0 mace
  a +0 dagger
  a +0 flail
(31, -14, D:4)
  24 bolts
(41, -17, D:4)
  a +0 giant club
(45, -1, D:4)
  21 arrows
(50, -21, D:4)
  a +0 leather armour
(50, -14, D:4)
  12 stones
(51, -13, D:4)
  a +0 robe
(63, -25, D:4)
  a +0 scale mail

Level 5 of the Dungeon
(0, 0, D:5)
  a +0 helmet
(17, 9, D:5)
  17 stones
(24, -6, D:5)
  a +0 robe
(27, 26, D:5)
  17 poisoned needles
(30, -23, D:5)
  a +0 leather armour
(31, -14, D:5)
  10 stones
(43, 22, D:5)
  a +0 scale mail
(44, -7, D:5)
  a +0 flail
(46, 25, D:5)
  a +0 giant spiked club
(52, -14, D:5)
  13 sling bullets

Level 6 of the Dungeon
(0, 0, D:6)
  a +0 ring mail
(1, 8, D:6)
  19 stones
(2, 19, D:6)
  an uncursed ring of magical power
(5, 0, D:6)
  a +0 flail
(5, 14, D:6)
  a +0 robe
(6, 7, D:6)
  a +0 club
(7, 6, D:6)
  a +0 ring mail
  a +2 spear of pain
(8, 7, D:6)
  a +0 scale mail
  a +0 club
  a +0 hand axe
  a +0 club
  a +0 club
  a +0 dagger
  a +0 ring mail
(12, 13, D:6)
  a +0 flail
  a +0 whip
(13, 13, D:6)
  a +0 club
(17, -8, D:6)
  a potion of lignification
(22, 18, D:6)
  22 arrows
(24, -15, D:6)
  a +0 rapier
(24, 11, D:6)
  17 poisoned needles
(27, -32, D:6)
  a +0 falchion
(27, -28, D:6)
  a +0 giant club
  a +0 flail
  a +0 whip
(27, -27, D:6)
  a +0 robe
  a +0 dagger
(28, -22, D:6)
  21 arrows
(30, -14, D:6)
  a +0 ring mail
(33, -1, D:6)
  17 stones
(39, -9, D:6)
  a cursed ring of attention
  an uncursed ring of stealth
  a +0 pair of gloves
(46, -3, D:6)
  24 stones

Level 7 of the Dungeon
(0, 0, D:7)
  a +0 spear
(6, -13, D:7)
  a +4 quarterstaff of chaos
  a +0 cloak
(8, -14, D:7)
  a +0 mace
(9, 4, D:7)
  a +0 spear
(10, 9, D:7)
  a +0 hand axe
(11, 8, D:7)
  a cursed +0 shield
(18, 29, D:7)
  20 stones
(24, -7, D:7)
  a +0 broad axe
(26, -14, D:7)
  a +0 club
(26, -13, D:7)
  a +0 whip
  a +0 chain mail
(28, -14, D:7)
  7 arrows
(28, -13, D:7)
  a +0 mace
(29, -6, D:7)
  a +0 whip
(36, 16, D:7)
  16 stones
(38, -16, D:7)
  14 stones
(39, 8, D:7)
  a +0 flail
(41, 1, D:7)
  9 stones
(45, 13, D:7)
  a +0 robe
(48, -4, D:7)
  a +3 falchion
(51, -5, D:7)
  a +2 dire flail
  a +0 robe
(51, -4, D:7)
  a +0 robe
(52, 0, D:7)
  a throwing net
(53, -5, D:7)
  a +0 short sword
  a +0 robe
  a +5 war axe
  a +0 robe
(54, -5, D:7)
  a +0 mace
  a +0 robe

Level 8 of the Dungeon
(0, 0, D:8)
  16 stones
(1, -12, D:8)
  23 stones
(3, -13, D:8)
  a stone
(3, -12, D:8)
  a cursed -1 short sword
  2 stones
  a cursed -3 short sword
(4, -13, D:8)
  a +0 short sword
(4, -10, D:8)
  a stone
(5, -14, D:8)
  14 bolts
(5, -13, D:8)
  2 stones
(5, -12, D:8)
  a stone
(5, -6, D:8)
  2 stones
(11, -24, D:8)
  a +0 giant club
(11, 12, D:8)
  a cursed -2 dagger
  a +0 robe
(12, 12, D:8)
  a +0 chain mail
  a +0 hand axe
  a +0 chain mail
  a +0 giant spiked club
(13, 12, D:8)
  a +0 dagger
  a +0 robe
(14, 12, D:8)
  a +0 dagger
  a +0 robe
(18, 12, D:8)
  10 arrows
(20, 8, D:8)
  17 poisoned needles
(22, -13, D:8)
  13 stones
(26, -11, D:8)
  16 arrows
(33, -14, D:8)
  a +0 dagger
(35, 3, D:8)
  2 potions of lignification
(39, -30, D:8)
  a +0 halberd
  a +0 animal skin
(43, -14, D:8)
  a +3 ring of strength
  an uncursed ring of magical power
(43, -7, D:8)
  a +0 longbow
(44, 11, D:8)
  13 stones
(50, 10, D:8)
  21 arrows

Level 9 of the Dungeon
(0, 0, D:9)
  a scroll of immolation
(5, 18, D:9)
  13 stones
(9, 39, D:9)
  a +0 quarterstaff
(13, -1, D:9)
  a +0 flail
(13, 0, D:9)
  a +0 spear
(14, 14, D:9)
  a +0 hunting sling
(17, 12, D:9)
  24 arrows
(31, 1, D:9)
  a +0 dagger
  a +0 robe
(34, 2, D:9)
  a cursed -1 trident
(35, 4, D:9)
  a +0 dagger
  a +0 robe
(37, 12, D:9)
  a +0 dagger
(38, 4, D:9)
  4 large rocks
(41, 18, D:9)
  a +0 robe
(42, 5, D:9)
  a scroll of noise
(46, 12, D:9)
  an uncursed amulet of faith
(48, 27, D:9)
  a +0 mace
  a +0 plate armour
(49, 27, D:9)
  a +0 club
  a +0 ring mail
  a +0 dagger
  a +0 robe
(54, 33, D:9)
  the cursed +0 ring mail of Huf Rilo {*Slow rPois rCorr}
    It protects you from poison.
    It provides partial protection from all sources of acid and corrosion.
    It may slow you when you take damage.
    It has a curse placed upon it.

Level 10 of the Dungeon
[Shop] Raebb's General Store
  13 arrows (44 gold)
  a potion of cancellation (136 gold)
  a scroll of enchant weapon (127 gold)
  a wand of iceblast (5) (153 gold)
  a +4 scale mail of magic resistance (527 gold)
  a +3 scale mail of fire resistance (442 gold)
  a scroll of fog (34 gold)
  a potion of curing (51 gold)
  a scroll of enchant armour (127 gold)
  a +0 flail (59 gold)
  a scroll of fog (34 gold)
(1, -2, D:10)
  a +0 flail
(10, 1, D:10)
  a +0 leather armour
(12, 23, D:10)
  a +0 dagger
(12, 25, D:10)
  a tomahawk
(13, 23, D:10)
  a +0 trident
  a +0 plate armour
(13, 24, D:10)
  a +0 hand axe
(14, 22, D:10)
  a +0 flail
  2 tomahawks
(14, 23, D:10)
  a +0 short sword
  a +0 robe
(14, 24, D:10)
  a +0 trident
  a +0 chain mail
  a +0 war axe
(15, 23, D:10)
  a +0 dagger
  a +0 robe
  a +0 war axe
  a +0 ring mail
(16, -22, D:10)
  a potion of degeneration
(19, 22, D:10)
  a tomahawk
(20, 16, D:10)
  12 stones
(21, 16, D:10)
  23 bolts
(21, 23, D:10)
  a +0 short sword
  a +0 dagger
  a +0 robe
(22, -1, D:10)
  21 arrows
(22, 23, D:10)
  a +0 dagger
  a +0 robe
  a +0 mace
  a +0 short sword
  a +0 chain mail
  a +0 dagger
  a +0 leather armour
  a +0 short sword
  a +0 chain mail
(23, 1, D:10)
  12 stones
(24, 15, D:10)
  a +0 quarterstaff
(25, 9, D:10)
  a +0 hand axe
(36, 5, D:10)
  a +3 mace
  a +0 club
(37, 12, D:10)
  a +0 club
(38, -4, D:10)
  27 sling bullets
(38, 6, D:10)
  13 arrows
(38, 16, D:10)
  a +1 falchion of electrocution
  a +0 morningstar of holy wrath
  a +1 long sword
  a cursed -3 spear
  a +0 trident of protection
  a +0 robe
(39, -3, D:10)
  a cursed -1 flail
(39, 5, D:10)
  a +0 mace
(41, -16, D:10)
  2 arrows
(41, -3, D:10)
  a +0 mace
(41, 5, D:10)
  a +0 mace
(43, -15, D:10)
  21 arrows
  a +0 shortbow
(45, -15, D:10)
  an arrow
(48, -13, D:10)
  an arrow
(52, -5, D:10)
  a +0 great sword
(54, -7, D:10)
  a +0 long sword
(56, 18, D:10)
  a +0 pair of boots
(57, -17, D:10)
  a +2 war axe of venom
(57, 11, D:10)
  a +6 giant spiked club
  a +2 robe of magic resistance

Level 11 of the Dungeon
(0, 0, D:11)
  a +0 quarterstaff
(4, 17, D:11)
  a +2 demon trident of venom
  7 javelins
  a +0 scale mail
  a scroll of random uselessness
(7, 25, D:11)
  20 stones
(17, -4, D:11)
  a +0 dagger
(17, 1, D:11)
  a large rock
(18, 38, D:11)
  a +0 buckler
(19, 3, D:11)
  a +2 ring mail of fire resistance
  a large rock
(19, 26, D:11)
  an arrow
(19, 27, D:11)
  an arrow
(19, 28, D:11)
  2 arrows
(19, 31, D:11)
  a +0 shortbow
  2 arrows
(19, 32, D:11)
  an arrow
(20, 19, D:11)
  13 arrows
(20, 25, D:11)
  an arrow
(21, 5, D:11)
  a large rock
(21, 14, D:11)
  a +0 halberd
(22, 6, D:11)
  a large rock
(24, 26, D:11)
  a +0 ring mail
(27, 38, D:11)
  a +0 flail
(28, 39, D:11)
  20 arrows
(33, 23, D:11)
  a +0 quarterstaff of freezing
  a +2 robe of cold resistance
(34, 19, D:11)
  a +0 giant club
  a +0 giant club
(34, 37, D:11)
  a tomahawk
(35, 38, D:11)
  a +0 dagger
  17 stones
(35, 39, D:11)
  a +0 trident
  a +0 ring mail
(36, 38, D:11)
  a +0 club
  a +0 club
  a +0 flail
  a +0 hand axe
  a +0 ring mail
  a +0 club
  a +0 falchion
  a +0 short sword
  a +0 ring mail
  a +0 hand axe
  4 tomahawks
  a +0 trident
  a cursed -3 flail
  a +0 mace
  a +0 leather armour
  a +0 club
  a +0 ring mail
  a +0 leather armour
  a +0 whip
  a +0 short sword
  a +0 chain mail
  a +0 flail
  a +0 giant club
(37, 38, D:11)
  a +0 club
  a +0 leather armour
  a cursed +0 long sword
  a +0 plate armour
  a +0 scimitar
  a +0 chain mail
  a cursed +0 falchion
(38, 38, D:11)
  a +0 dagger
(42, 39, D:11)
  a +0 dagger
  a +0 chain mail
(43, -8, D:11)
  a +0 chain mail
(45, 4, D:11)
  a +0 flail
(45, 5, D:11)
  a +0 short sword
(45, 39, D:11)
  2 tomahawks
(46, 5, D:11)
  a cursed +0 battleaxe
  a +3 chain mail of fire resistance
(47, 5, D:11)
  a +0 leather armour
  a +0 whip
(47, 40, D:11)
  18 sling bullets
(52, 36, D:11)
  a +0 giant club
(56, 14, D:11)
  +0 steam dragon scales

Level 12 of the Dungeon
(0, 0, D:12)
  a scroll of identify

the Ecumenical Temple

Level 1 of the Lair of Beasts
(3, 0, Lair:1)
  18 gold pieces
(3, 4, Lair:1)
  7 gold pieces
(4, -2, Lair:1)
  a +0 bardiche
(4, 2, Lair:1)
  a scroll of enchant armour
(5, 7, Lair:1)
  a +0 hunting sling
(12, -2, Lair:1)
  a +0 leather armour
(15, -13, Lair:1)
  6 sling bullets
(28, -40, Lair:1)
  23 gold pieces
(28, -39, Lair:1)
  19 gold pieces
(29, -41, Lair:1)
  an uncursed ring of stealth
(30, -41, Lair:1)
  16 gold pieces
(30, -39, Lair:1)
  26 stones
(31, -39, Lair:1)
  a fan of gales
(32, -39, Lair:1)
  a scroll of magic mapping
(36, 12, Lair:1)
  a +2 hand axe of flaming

Level 2 of the Lair of Beasts
(0, 0, Lair:2)
  20 bolts
(3, -25, Lair:2)
  a +3 ring of intelligence
  a cursed ring of ice
(6, -30, Lair:2)
  a scroll of noise
(14, -44, Lair:2)
  12 stones
(14, -1, Lair:2)
  a +0 scimitar
(17, -8, Lair:2)
  a +0 scale mail
(41, -5, Lair:2)
  5 arrows
(53, -18, Lair:2)
  a +0 blowgun
(57, -25, Lair:2)
  a +0 hand axe

Level 3 of the Lair of Beasts
(0, 0, Lair:3)
  7 arrows
(34, 7, Lair:3)
  13 sling bullets
(39, -24, Lair:3)
  a +0 war axe
(52, 5, Lair:3)
  a +0 ring mail
(53, -36, Lair:3)
  a +5 battleaxe of flaming
  a +0 chain mail
(54, 5, Lair:3)
  a +0 scale mail
(56, -11, Lair:3)
  a +0 cloak

Level 4 of the Lair of Beasts
(0, 16, Lair:4)
  21 sling bullets
(1, 29, Lair:4)
  13 bolts
(14, 17, Lair:4)
  a +0 ring mail
(17, -10, Lair:4)
  a +0 hunting sling
(23, -13, Lair:4)
  a +0 buckler
(39, 31, Lair:4)
  26 bolts
(54, -17, Lair:4)
  a +0 rapier

Level 5 of the Lair of Beasts
(0, 0, Lair:5)
  a +1 pair of gloves of strength
(7, 2, Lair:5)
  a +1 whip of venom
(12, -32, Lair:5)
  15 poisoned needles
(12, -9, Lair:5)
  13 bolts
(20, 5, Lair:5)
  5 needles of confusion
(21, -18, Lair:5)
  a +0 giant club
(36, -14, Lair:5)
  a water moccasin corpse (skeletalised by now)
(36, 3, Lair:5)
  10 arrows
(42, -27, Lair:5)
  a +0 shortbow
(42, -24, Lair:5)
  20 stones
(43, -10, Lair:5)
  a black mamba corpse (skeletalised by now)

Level 6 of the Lair of Beasts
(0, 0, Lair:6)
  a wyvern corpse
(0, 11, Lair:6)
  a +0 spear
(3, 0, Lair:6)
  an elephant corpse
  an elephant corpse
  a water moccasin corpse
  an elephant corpse
(3, 2, Lair:6)
  a black mamba corpse (still there?)
  a water moccasin corpse (still there?)
(3, 7, Lair:6)
  a crocodile corpse
(4, -1, Lair:6)
  a +3 scimitar of slicing
(8, -1, Lair:6)
  a wyvern corpse
(15, 3, Lair:6)
  a +0 chain mail
(15, 9, Lair:6)
  a +0 cloak
(24, -2, Lair:6)
  a book of Summonings
(27, 24, Lair:6)
  a +0 dagger
(30, 45, Lair:6)
  a potion of degeneration
(32, 10, Lair:6)
  18 stones
(35, 39, Lair:6)
  13 arrows

