             ###########                                          
            ##..#....#.#      ###############                     
         ####..........##     #.##....##.##.##                    
        ##..............#######..............####                 
       ##.........§........#...§§...............#######           
     ###.........˜§§.˜˜..§........˜˜§§.˜.§˜§..........####        
   ###.......§˜§˜˜˜˜§§§˜˜..§....˜˜˜˜§§§§˜§§˜§............###      
   #......§§˜˜§˜˜§§˜˜§§§˜§˜˜.˜˜˜˜˜˜˜˜˜˜˜˜˜§˜§˜˜....§.......##     
  ##.....§˜˜˜§˜§˜˜§§§˜§˜˜˜˜˜˜§˜˜˜˜˜˜˜˜˜˜§§˜˜˜˜§§˜˜.§........#     
###......˜˜§§˜˜˜§§§§˜˜˜˜˜˜§˜˜˜˜˜˜§§§˜˜˜§§˜§˜˜˜˜§˜˜˜§˜......#####  
#.........§§˜˜§§§§˜˜˜˜˜˜˜˜˜˜˜˜˜˜˜˜˜˜˜˜˜§§.˜§§§§˜˜˜˜§§§§§§...n.n#  
###........˜˜˜§§§˜˜§§§§˜˜˜§˜.˜˜§˜˜˜§.˜.§˜.˜˜§..˜˜˜.§˜˜˜§§....###  
  ##.......˜˜˜˜˜ §§§˜§§.....................§˜˜...˜˜˜˜§˜§......## 
  #.......˜§§§˜  ˜§˜˜§§§§########'########.˜§˜§˜˜§˜˜˜§˜§§.......# 
  ##.......˜˜§   ˜˜§§˜˜§§#      #.#      #..§§§˜˜˜§˜˜˜§§§.......# 
 ##.......˜˜§    ˜˜˜˜˜˜˜.#      #.#      #..˜˜˜˜˜§§˜˜˜˜§§.......# 
 #.......§˜˜    §˜˜˜§˜˜..#      #.#      #.§˜˜˜˜§˜˜˜˜˜˜˜§.......# 
 #.......˜˜˜    ˜˜§§˜˜˜˜.#      #.#      #..˜˜˜˜˜˜˜˜˜˜§§˜.......# 
 #.......§˜˜    ˜˜§˜§˜˜..######.#.#.######.˜˜˜§˜˜˜˜˜˜˜§§§§§....## 
 ###......˜˜    §§˜˜˜§˜˜.#......#(#......#§§§˜˜˜˜˜˜˜˜˜§§§˜......# 
##.......§˜§    §§˜§§˜§.§###++###)###++###.˜˜˜˜˜§§˜§˜§˜˜˜.......# 
#........˜˜§§   ˜˜§˜˜˜§.§#....#.))).#    #..˜˜˜§§§ §§§˜§§.......# 
#........§§§˜   ˜˜˜˜˜˜§˜.#.nd§#.8_8.#    #.§˜˜§˜˜§   ˜˜§§§.....## 
##.......§˜˜§   ˜˜˜˜§§§..#...§'.....+    #§.§§§˜˜§   ˜˜§........##
#........˜˜˜§˜  ˜˜§§§§§˜.#################§§§§§§˜˜   §˜§˜........#
####......§§˜§§˜˜§˜§˜˜§...........§........˜§§§§§§  §§§˜§.......##
   #......§§˜§§§˜§˜§§˜§˜.˜§..§˜˜˜˜..˜˜.§§.˜˜§§§˜˜˜˜˜§˜...........#
  ###.....˜§§˜˜˜§§˜˜˜˜˜˜˜˜˜˜§§˜˜˜˜§˜˜˜§§˜˜˜˜˜§§§§˜˜˜§............#
  #.......§˜˜˜˜§˜§˜˜˜˜˜˜˜˜§§˜§§˜˜˜§§˜˜§§˜˜˜§˜˜§§§˜˜˜§§...§.....###
  ##......§§˜§˜˜˜˜˜§§§§§§˜˜˜˜§˜˜˜˜˜§§˜˜§˜˜˜˜§§§˜˜§˜§.............#
  #n......§§§˜§§§§˜§˜˜˜§˜˜˜˜˜˜§˜§§˜§§˜˜§˜§˜˜˜˜§§§§..............##
  ####.........˜˜˜˜˜˜˜˜˜˜§˜˜˜˜§§˜§§§˜§˜§˜˜§§˜˜§§˜§............### 
     ##...........˜˜˜§˜§§§˜˜˜§§§§§§˜˜˜˜§§˜˜§§˜§˜.§.............#  
      #####.........§˜˜.§˜˜..˜§§˜§§§˜§..˜˜..................####  
          ###................§§...........................###     
            ###.......................................#####       
              #..................................##...#           
              ##.#...##.....###....#.####..##.#########           
               ######...###.....##....# ###....#                  
                    ####.###.#######.##   ######                  
                       ### ###     ###                            
