Oddysee

Level 1 of the Dungeon
(0, 0, D:1)
  2 stones
(0, 1, D:1)
  3 stones
(1, 0, D:1)
  a +0 club
(6, -26, D:1)
  a +0 short sword
(6, 9, D:1)
  a +0 club
(7, -9, D:1)
  a +0 whip
  a +0 dagger
(7, -8, D:1)
  a cursed -1 club
(8, -19, D:1)
  a stone
(8, 29, D:1)
  a +0 club
(9, -22, D:1)
  3 stones
(12, 7, D:1)
  a +0 ring mail
(16, 22, D:1)
  a +0 dagger
(17, 4, D:1)
  a +0 leather armour
(22, 4, D:1)
  a +0 leather armour
(23, 5, D:1)
  a +0 ring mail
(24, -18, D:1)
  a +0 dagger
(25, 25, D:1)
  a +0 club
(28, 31, D:1)
  8 stones

Level 2 of the Dungeon
(0, 0, D:2)
  15 stones
(1, 5, D:2)
  a +0 club
(13, 12, D:2)
  a +0 club
(16, -13, D:2)
  a +0 dagger
(18, -12, D:2)
  a +0 giant spiked club
(26, -17, D:2)
  29 stones
(32, 12, D:2)
  a +0 club
(34, -14, D:2)
  a +0 hand axe
(38, -27, D:2)
  13 stones
(38, -9, D:2)
  a +0 hand crossbow
(39, -25, D:2)
  a +0 whip
(51, -11, D:2)
  a cursed +0 club
(51, 18, D:2)
  19 arrows
(54, -1, D:2)
  an uncursed ring of fire
(55, -6, D:2)
  9 poisoned needles
(57, 5, D:2)
  a +0 whip
(62, 0, D:2)
  31 stones
(63, -1, D:2)
  a +0 leather armour
(63, 5, D:2)
  22 stones

Level 3 of the Dungeon
(0, 0, D:3)
  3 stones
(0, 1, D:3)
  a +0 club
(1, 1, D:3)
  a +0 short sword
(2, -4, D:3)
  a stone
(4, -4, D:3)
  2 stones
(5, 14, D:3)
  20 sling bullets
(12, -6, D:3)
  a +0 falchion
(13, 5, D:3)
  a +0 blowgun
  14 poisoned needles
(15, 5, D:3)
  a poisoned needle
(16, 5, D:3)
  a poisoned needle
(17, 2, D:3)
  a +0 dagger
  a silver tomahawk
(17, 3, D:3)
  a +0 flail
(17, 4, D:3)
  2 silver tomahawks
  a stone
(17, 6, D:3)
  2 silver tomahawks
(18, 4, D:3)
  a +0 short sword
  a +0 leather armour
(18, 5, D:3)
  a poisoned needle
(26, 4, D:3)
  a +0 falchion
(27, 6, D:3)
  18 stones

Level 4 of the Dungeon
(0, 0, D:4)
  a +0 dagger
(3, -37, D:4)
  a +0 dagger
  a +0 robe
(3, -36, D:4)
  a +0 scale mail
  a cursed -3 flail
  a +0 leather armour
(4, -35, D:4)
  a +2 dire flail of protection
  a +0 plate armour
(15, -36, D:4)
  a +0 scale mail
(20, -11, D:4)
  a +0 dagger
(20, -9, D:4)
  a -2 ring of intelligence
(21, -25, D:4)
  a +0 war axe
(22, 13, D:4)
  a +0 dagger
  a +0 robe
  a +0 falchion
  a +0 dagger of pain
  a +0 robe
(35, -16, D:4)
  14 gold pieces
(36, -18, D:4)
  11 gold pieces
(36, -16, D:4)
  5 gold pieces
(38, -18, D:4)
  13 gold pieces
(38, -15, D:4)
  a gold piece
(61, 12, D:4)
  a cursed +0 hunting sling
(67, -3, D:4)
  22 stones

Level 5 of the Dungeon
(0, 0, D:5)
  a +0 dagger
(2, 1, D:5)
  20 stones
(11, 38, D:5)
  17 stones
(20, 4, D:5)
  a cursed +0 leather armour
(21, 26, D:5)
  a +0 giant spiked club
(25, 11, D:5)
  a +0 spear
(26, 10, D:5)
  a +0 club
(27, -6, D:5)
  a +0 ring mail
(29, 10, D:5)
  a +0 hunting sling
(48, 10, D:5)
  13 stones
(55, 33, D:5)
  a +0 buckler
(56, 40, D:5)
  a +0 whip
(56, 41, D:5)
  a cursed -2 halberd

Level 6 of the Dungeon
(0, 0, D:6)
  19 stones
(0, 12, D:6)
  a +0 dagger
  a +0 robe
(0, 13, D:6)
  a +0 dagger
(1, 13, D:6)
  a +0 flail
(8, 37, D:6)
  a +0 giant spiked club
(11, 29, D:6)
  a +0 giant club
(12, 25, D:6)
  a +0 dagger
(14, 3, D:6)
  a +0 chain mail
(19, 41, D:6)
  a +0 scale mail
(24, 10, D:6)
  a cursed -1 flail
(24, 32, D:6)
  18 stones
(25, 30, D:6)
  a +0 plate armour
(28, 14, D:6)
  a +2 dagger of protection
  a +0 robe
(31, 16, D:6)
  a +0 rapier
  a +0 ring mail
(32, 9, D:6)
  a cursed -3 giant spiked club
(34, 24, D:6)
  a cursed +0 ring mail
  a +0 dagger
  a +0 robe
  a +0 dagger
  a +0 robe
(35, 24, D:6)
  a +0 dagger
  a +0 ring mail
(35, 43, D:6)
  a +0 hunting sling
(40, 56, D:6)
  a +0 buckler
(42, 33, D:6)
  19 arrows
(44, 6, D:6)
  a +0 helmet of intelligence
(46, 11, D:6)
  a +0 long sword
(48, 27, D:6)
  a +0 robe

Level 7 of the Dungeon
(0, 0, D:7)
  a +0 hand axe
(1, -1, D:7)
  a +0 hand axe
(1, 1, D:7)
  a +0 hand axe
(1, 4, D:7)
  a scroll of fear
  (unseen)
(2, 0, D:7)
  a +0 hand axe
(4, 5, D:7)
  a +0 war axe

a bailey
(0, 0, Bailey)
  a +0 hand axe
  a +0 leather armour
  a +0 hand axe
  a +0 leather armour
(0, 1, Bailey)
  a +0 hand axe
  a +0 leather armour
  a +0 war axe
  a +0 leather armour
(0, 2, Bailey)
  a +0 hand axe
  a +0 leather armour
(2, 7, Bailey)
  a +0 hand axe
  a +0 leather armour
  a goblin corpse (skeletalised by now)
(3, 7, Bailey)
  a +0 hand axe
  a +0 leather armour
  a +0 hand axe
  a +0 leather armour
  a +0 hand axe
  a +0 leather armour
(4, 6, Bailey)
  a +0 war axe
  a +0 leather armour
  a +0 war axe
  a +0 leather armour
  a +0 hand axe
  a +0 leather armour
  a +0 hand axe
  a +0 leather armour
  an orc corpse (skeletalised by now)
(4, 7, Bailey)
  a +0 hand axe
  a +0 leather armour
  a hobgoblin corpse (skeletalised by now)
(11, -10, Bailey)
  a cursed +0 hand axe
  a cursed +0 leather armour
(12, -11, Bailey)
  a cursed -3 hand axe
  a +0 leather armour
  a +0 hand axe
  a cursed -2 leather armour
  a +0 hand axe
  a +0 leather armour
  a +0 hand axe
  a cursed +0 leather armour
  a gnoll corpse
  a hobgoblin corpse
(12, -10, Bailey)
  a +0 war axe
  a cursed +0 leather armour
  a +0 war axe
  a +0 leather armour
  a +0 hand axe
  a +0 leather armour
  a goblin corpse
  a gnoll corpse
(12, -9, Bailey)
  a +0 war axe
  a +0 leather armour
(13, 10, Bailey)
  a +0 war axe
  a +3 leather armour
(14, 9, Bailey)
  a +0 hand axe
  a +0 leather armour
  a +0 hand axe
  a +0 leather armour
  a cursed -3 war axe
  a +0 leather armour
  a cursed -2 hand axe
  a +3 leather armour
  a +0 hand axe
  a +0 leather armour
  a +0 hand axe
  a +0 leather armour
  a hobgoblin corpse (skeletalised by now)
  a hobgoblin corpse (skeletalised by now)
  an orc corpse (skeletalised by now)
(14, 10, Bailey)
  a cursed -1 hand axe
  a +0 leather armour
  a +0 war axe
  a cursed -2 leather armour
(14, 11, Bailey)
  a +0 hand axe
  a +0 leather armour
(17, -1, Bailey)
  a +0 hand axe
  (unseen)
(18, 0, Bailey)
  a +0 war axe
  (unseen)
(19, 0, Bailey)
  a +0 battleaxe
  (unseen)
(22, -6, Bailey)
  a +0 hand axe
  a +0 leather armour
  a +0 hand axe
  a +0 leather armour
  a +0 hand axe
  a +0 ring mail
  a +0 hand axe
  a +0 leather armour
  a +0 hand axe
  a +0 leather armour
  a +0 hand axe
  a +0 leather armour
  a +0 hand axe
  a +0 leather armour
  a hobgoblin corpse
  an orc corpse
  an orc corpse
(23, -6, Bailey)
  a +0 hand axe
  a +0 leather armour
  a +0 war axe
  a +0 leather armour
  a +0 hand axe
  a +0 leather armour
  a hobgoblin corpse
(23, 4, Bailey)
  a +0 war axe
  a +0 leather armour
  a +0 hand axe
  a +0 leather armour
  a +0 war axe
  a +0 ring mail
  a +0 hand axe
  a +0 leather armour
  a +0 war axe
  a +0 ring mail
  a cursed -3 hand axe
  a +0 ring mail
(24, 4, Bailey)
  a +0 hand axe
  a +0 leather armour
  a +0 hand axe
  a +0 leather armour
  a +0 war axe
  a +0 chain mail
  a +0 war axe
  a +0 leather armour
  a +0 war axe
  a +0 ring mail
  a hobgoblin corpse (skeletalised by now)

