Oddysee

Level 1 of the Dungeon
(0, 0, D:1)
  a +0 dagger
(12, 7, D:1)
  7 tomahawks of returning
(13, -12, D:1)
  a +0 leather armour
(14, 14, D:1)
  25 stones
(15, 18, D:1)
  a +0 club
(17, 0, D:1)
  a +0 short sword
(23, 26, D:1)
  a +0 robe
(25, 2, D:1)
  a +0 dagger
  a +0 club
(34, -3, D:1)
  a +0 club
(35, 15, D:1)
  18 arrows
(39, 22, D:1)
  a +0 spear

Level 2 of the Dungeon
(0, 30, D:2)
  a +0 hunting sling
  17 stones
(2, -1, D:2)
  a cursed -2 club
(2, 30, D:2)
  a stone
(3, 29, D:2)
  a stone
(9, -1, D:2)
  a stone
(10, -1, D:2)
  a stone
(14, -1, D:2)
  a +0 short sword
(19, 12, D:2)
  16 poisoned needles
(24, 12, D:2)
  18 stones
(26, 16, D:2)
  a +0 hand axe
(28, -19, D:2)
  19 stones
(41, 22, D:2)
  a +1 helmet
(43, 10, D:2)
  a +0 leather armour
(44, -9, D:2)
  a +0 club
(54, -25, D:2)
  5 large rocks
(58, 33, D:2)
  a +0 buckler
(60, 13, D:2)
  22 stones

Level 3 of the Dungeon
(0, 0, D:3)
  a cursed +0 robe
(5, -15, D:3)
  a +0 club
(13, -7, D:3)
  a +0 club
(21, -27, D:3)
  a cursed -2 flail
(21, -26, D:3)
  a +0 whip
(22, -26, D:3)
  a +0 dagger
  (unseen)
(23, -4, D:3)
  a +0 spear

