Oddysee

Level 1 of the Dungeon
(0, 0, D:1)
  a +0 dagger
(2, -1, D:1)
  a +0 club
(9, -19, D:1)
  a stone
(9, -18, D:1)
  a stone
(16, -3, D:1)
  a +0 mace
(17, 0, D:1)
  19 sling bullets
(18, -19, D:1)
  a +0 club
(20, 1, D:1)
  7 stones
(38, -3, D:1)
  25 sling bullets
(40, -12, D:1)
  a +0 mace

Level 2 of the Dungeon
(0, 0, D:2)
  14 stones
(0, 3, D:2)
  a +0 robe
(3, 7, D:2)
  9 gold pieces
(3, 8, D:2)
  14 gold pieces
(3, 9, D:2)
  a scroll of enchant weapon
(4, 7, D:2)
  10 gold pieces
(4, 8, D:2)
  a wand of flame (23)
(4, 9, D:2)
  a scroll of teleportation
(5, 7, D:2)
  2 potions of heal wounds
  (unseen)
(5, 8, D:2)
  8 gold pieces
(5, 9, D:2)
  11 gold pieces
(6, 13, D:2)
  27 stones
(16, -2, D:2)
  a +0 robe
(17, 7, D:2)
  13 poisoned needles
(19, 13, D:2)
  a +0 dagger
(36, -25, D:2)
  21 sling bullets
(54, 12, D:2)
  a +0 club
(59, -1, D:2)
  an adder skeleton

Level 3 of the Dungeon
(0, 0, D:3)
  a cursed -1 club
  (unseen)
(2, -1, D:3)
  a quokka corpse
(3, 1, D:3)
  a dart slug corpse
(6, 2, D:3)
  18 gold pieces

