Oddysee

Level 1 of the Dungeon
(0, 0, D:1)
  20 arrows
(9, -29, D:1)
  a +0 club
(10, -32, D:1)
  a +0 ring mail
(17, -1, D:1)
  22 poisoned needles
(22, -49, D:1)
  a +0 club
(31, -32, D:1)
  a +0 club
(32, -46, D:1)
  a +0 whip
(33, -20, D:1)
  a +0 dagger
(34, 5, D:1)
  a +0 club
(43, -29, D:1)
  a +0 hand axe
(44, 3, D:1)
  a +4 dagger
(45, -43, D:1)
  a +0 club
(45, 3, D:1)
  a cursed +0 whip
(50, -20, D:1)
  a +0 mace
(52, -54, D:1)
  a +0 short sword

Level 2 of the Dungeon
(0, 0, D:2)
  a +0 whip
(7, -18, D:2)
  2 throwing nets
(20, -8, D:2)
  a +0 short sword
(22, -26, D:2)
  a +0 club
(27, 4, D:2)
  a +0 hunting sling
  a +0 dagger
(29, -18, D:2)
  a +0 dagger
  a cursed -2 hunting sling
(29, -14, D:2)
  a +0 dagger
(31, -36, D:2)
  a +0 hand axe
(33, -24, D:2)
  17 bolts
(42, -13, D:2)
  a scroll of amnesia
(42, -12, D:2)
  15 gold pieces
(42, -11, D:2)
  17 gold pieces
(43, -13, D:2)
  a potion of heal wounds
(43, -12, D:2)
  13 gold pieces
(43, -11, D:2)
  3 scrolls of teleportation
(44, -16, D:2)
  a +0 club
(44, -13, D:2)
  16 gold pieces
(44, -12, D:2)
  5 gold pieces
(44, -11, D:2)
  4 gold pieces
(46, -14, D:2)
  a +0 whip
(55, -10, D:2)
  a cursed +0 cloak
(60, -5, D:2)
  an uncursed ring of attention

Level 3 of the Dungeon
(0, 0, D:3)
  a +0 dagger
(8, -11, D:3)
  a +0 club
(18, -26, D:3)
  a +0 spear
(19, -28, D:3)
  a +0 dagger
(19, -22, D:3)
  a +0 rapier
(19, -17, D:3)
  a +0 leather armour
(21, -16, D:3)
  a +0 leather armour
(32, -26, D:3)
  a cursed -3 short sword
(35, -11, D:3)
  a +0 dagger
(35, -6, D:3)
  11 bolts
(37, -13, D:3)
  a +0 club
(39, 3, D:3)
  a +0 dagger
  a +0 robe
(39, 7, D:3)
  a +0 dagger (still there?)
  9 stones (still there?)
(40, -12, D:3)
  a +0 club
(45, -16, D:3)
  a cursed +0 club

Level 4 of the Dungeon
(0, 0, D:4)
  a +0 spear
(19, -34, D:4)
  a +0 leather armour
(21, -35, D:4)
  a +0 helmet
(24, -28, D:4)
  a +0 club
  a cursed -3 club
(25, -29, D:4)
  a +0 club
  a +0 club
  a +1 animal skin
  a +1 helmet
(28, -29, D:4)
  a +0 dagger
(29, -29, D:4)
  a cursed +0 club
(30, -30, D:4)
  a +0 dagger
(31, -34, D:4)
  a +0 dagger
  a +0 robe
(31, -30, D:4)
  a +0 club
(31, -29, D:4)
  a +0 club
(31, -28, D:4)
  a +0 hunting sling
(33, -36, D:4)
  a +0 dagger
  a +0 flail
  a +0 leather armour
(33, -35, D:4)
  a +0 dagger
  a +0 robe
(39, -42, D:4)
  a +0 falchion
(48, -38, D:4)
  8 bolts
(53, -40, D:4)
  a +0 flail
(53, -38, D:4)
  a +0 whip
(54, -42, D:4)
  a +0 spear
(56, -41, D:4)
  a +0 whip
(62, -38, D:4)
  a cursed +0 robe

Level 5 of the Dungeon
(0, 0, D:5)
  a +0 dagger
(1, 1, D:5)
  a +0 whip
(1, 5, D:5)
  a +0 dagger
  a +0 robe
(1, 6, D:5)
  a +0 short sword
  a +0 hand axe
(5, 4, D:5)
  a +0 falchion
(32, -2, D:5)
  a +0 robe
(32, 1, D:5)
  a +0 shortbow
  12 arrows
(37, 1, D:5)
  2 arrows
(38, 1, D:5)
  2 arrows
(39, 1, D:5)
  an arrow
(46, 10, D:5)
  a +0 rapier
(47, 11, D:5)
  29 arrows
(47, 27, D:5)
  a +0 shortbow
  10 arrows
(48, 27, D:5)
  5 arrows
(48, 28, D:5)
  5 arrows
(49, 30, D:5)
  3 arrows

Level 6 of the Dungeon
(15, -14, D:6)
  a scroll of noise
(35, 10, D:6)
  a +0 robe
(38, 1, D:6)
  a book of Changes

Level 7 of the Dungeon
(0, 0, D:7)
  a +1 falchion of flaming
(15, -39, D:7)
  2 arrows
(16, -46, D:7)
  a +0 shortbow
  21 arrows
  a +1 hand axe of venom
(17, -13, D:7)
  a +0 scale mail
(21, -14, D:7)
  a +0 dagger
  a +0 robe
  a +0 mace
  a +0 chain mail
(21, -13, D:7)
  a potion of degeneration
  a +0 ring mail
  a +1 leather armour of fire resistance
  a +0 trident
(21, -12, D:7)
  a +0 mace
(23, -10, D:7)
  a +0 dagger
(32, -35, D:7)
  a +0 flail
  a +0 ring mail
(32, -32, D:7)
  an uncursed staff of fire
(34, -35, D:7)
  a +2 flail of holy wrath
  a +0 hand axe
(35, -35, D:7)
  a cursed +0 dagger
  a +0 robe
(35, -4, D:7)
  a +0 giant club
(39, -13, D:7)
  a +0 dagger
  a +0 robe
  a +0 falchion
  a +0 ring mail
(45, -36, D:7)
  a +2 spear
  a +0 robe
(46, -36, D:7)
  a +2 great sword
  a +0 robe
  a cursed +3 short sword
  a +0 robe
(47, -35, D:7)
  a +1 helmet
(47, -33, D:7)
  a +0 hand axe
  a +0 robe

Level 8 of the Dungeon
(0, 0, D:8)
  a +0 hand axe
  a +0 leather armour
(1, -1, D:8)
  a +0 giant spiked club
(10, -17, D:8)
  a +0 short sword
(11, -22, D:8)
  a +0 dire flail
  a +0 giant spiked club
(31, -16, D:8)
  a +0 shortbow
  6 arrows
(31, -10, D:8)
  2 arrows
(32, 18, D:8)
  a +0 buckler
(35, -10, D:8)
  23 bolts
(42, 1, D:8)
  a +3 mace of crushing
  5 tomahawks
  a +0 ring mail
  a +0 club
  a +0 leather armour
  a cursed -3 dagger
  a +0 robe
(48, -21, D:8)
  18 bolts

Level 9 of the Dungeon
(0, 0, D:9)
  a +0 giant spiked club
  a +0 giant club
(7, -19, D:9)
  a +0 cloak
(17, 12, D:9)
  a +0 dagger
  the +1 leather armour of Inevitability {+Blink Dex+3}
    It affects your dexterity (+3).
    It lets you blink.
(18, 12, D:9)
  a cursed +0 trident
  a +0 robe
(19, -15, D:9)
  a +0 spear
(20, -15, D:9)
  a +0 spear
  a +0 scale mail
(20, -14, D:9)
  a cursed -1 club
(21, -14, D:9)
  a +0 spear
(22, 23, D:9)
  a cursed +0 leather armour
(32, 10, D:9)
  a cursed -2 spear
(33, 7, D:9)
  a +0 robe
(34, 8, D:9)
  a +4 falchion
  a +1 robe of the Archmagi
(36, 7, D:9)
  a scroll of torment
(42, 5, D:9)
  an arrow
(43, 4, D:9)
  an arrow
(43, 6, D:9)
  an arrow
(44, 8, D:9)
  an arrow
(44, 10, D:9)
  a +0 shortbow
  9 arrows
(50, -19, D:9)
  a cursed +0 long sword
(53, 3, D:9)
  a +1 great sword of freezing
  a +0 robe
  a +2 halberd of protection
  a +0 robe
(53, 4, D:9)
  a cursed +0 battleaxe
  a +0 robe
(54, 4, D:9)
  a cursed +1 flail
  a +0 robe

Level 10 of the Dungeon
(0, 0, D:10)
  a +0 robe
(0, 7, D:10)
  a +0 robe
(3, -40, D:10)
  a +0 giant spiked club
  a +0 giant club
(19, -30, D:10)
  a +0 dagger
  a +0 robe
(24, -20, D:10)
  an uncursed ring of stealth
(28, -26, D:10)
  a +0 flail
(30, -19, D:10)
  a +0 dagger
(31, -19, D:10)
  a +0 hand axe
  a +0 plate armour
(31, -14, D:10)
  a cursed -1 club
(31, -10, D:10)
  6 arrows
  a +0 shortbow
(32, -9, D:10)
  2 arrows
(33, -8, D:10)
  5 arrows
(34, -36, D:10)
  a +4 dagger of chaos
  a +0 robe
(34, -8, D:10)
  an arrow
(35, -7, D:10)
  an arrow
(36, -25, D:10)
  an uncursed ring of fire
(36, -5, D:10)
  an arrow
(37, -26, D:10)
  a scroll of acquirement
(37, -6, D:10)
  a +1 shortbow of freezing
  9 arrows
(38, -25, D:10)
  a +2 quarterstaff of draining
(38, -24, D:10)
  2 potions of degeneration
(39, -7, D:10)
  an arrow
(40, -7, D:10)
  an arrow
(43, -7, D:10)
  2 arrows
(48, -19, D:10)
  a +0 robe
(59, -7, D:10)
  a +0 club
(62, -11, D:10)
  a +0 dire flail
  a +0 giant club
(63, -12, D:10)
  a +0 flail
  a tomahawk
  a +0 plate armour
(63, -11, D:10)
  a +0 flail
  a +3 ring mail
(63, -10, D:10)
  a +0 trident
  a +0 plate armour
(64, -14, D:10)
  a +0 falchion
  a +0 leather armour
  a +0 leather armour
(64, -11, D:10)
  a +0 hand axe
  a +0 scale mail
(65, -14, D:10)
  3 tomahawks
(65, -13, D:10)
  a +0 dagger
  a +0 robe
(68, -17, D:10)
  a tomahawk

Level 11 of the Dungeon
(0, 0, D:11)
  a +0 leather armour
(1, -8, D:11)
  a +0 dagger
  a +0 robe
(2, -9, D:11)
  a +0 mace
  a +0 mace
(2, -8, D:11)
  a +0 flail
  a +0 dire flail
  a +0 plate armour
(2, -7, D:11)
  a +0 plate armour
(3, 2, D:11)
  a +0 mace
(9, -17, D:11)
  a +0 club
  a +0 ring mail
(14, -8, D:11)
  a +0 whip
  a +0 trident
  a +0 scale mail
(15, -8, D:11)
  a +0 whip
  a +0 ring mail
(24, 13, D:11)
  a +0 dagger
  a +0 robe
  a +0 short sword
  a +0 leather armour
(24, 14, D:11)
  a +0 long sword
  a cursed +0 chain mail
  a +0 dagger of holy wrath
(25, 14, D:11)
  a +0 mace
  a +0 leather armour
(36, 14, D:11)
  a +0 shortbow
  22 arrows

Level 12 of the Dungeon
[Shop] Ohackaeh's Assorted Antiques
  a scroll of remove curse (99 gold)
  a potion of magic (264 gold)
  a scroll of remove curse (99 gold)
  a scroll of remove curse (99 gold)
  a +0 dagger (66 gold)
  a scroll of remove curse (99 gold)
  a +0 dire flail (132 gold)
  a wand of polymorph (17) (627 gold)
  a scroll of holy word (247 gold)
  a +4 blowgun (808 gold)
(0, 0, D:12)
  a +0 rapier
(8, 0, D:12)
  a cursed +3 halberd of freezing
  a +0 robe
(9, -1, D:12)
  a cursed +5 battleaxe
  a +0 robe
(9, 0, D:12)
  a cursed +0 battleaxe
  a +0 robe
(10, 0, D:12)
  a +5 spear
  a +0 robe
(13, 0, D:12)
  a +3 falchion of freezing
  a +0 robe
(21, -1, D:12)
  a +0 flail
(33, -17, D:12)
  a +0 halberd
(35, -25, D:12)
  a +0 mace
  a +0 club
(35, -24, D:12)
  a +0 hand axe
(35, -23, D:12)
  a +0 halberd
  a +0 robe
(36, -25, D:12)
  a cursed +0 long sword
  a cursed +0 robe
(36, -24, D:12)
  a +0 giant club
  a +2 long sword of freezing
  a +0 robe
(38, -27, D:12)
  a +3 battleaxe
  a +0 robe
(38, -26, D:12)
  a cursed +4 great sword
  a cursed +0 robe

the Ecumenical Temple

Level 1 of the Lair of Beasts
(0, 0, Lair:1)
  16 gold pieces
(3, 13, Lair:1)
  22 gold pieces
(3, 22, Lair:1)
  20 sling bullets
(3, 23, Lair:1)
  5 sling bullets
(3, 28, Lair:1)
  a sling bullet
(4, 21, Lair:1)
  a sling bullet
(4, 22, Lair:1)
  8 sling bullets (still there?)
  7 sling bullets (still there?)
(8, 26, Lair:1)
  a sling bullet
(10, 21, Lair:1)
  a sling bullet
(16, 22, Lair:1)
  a +0 dagger
(17, 3, Lair:1)
  15 bolts
(17, 24, Lair:1)
  17 gold pieces
(20, -8, Lair:1)
  a +0 cloak
(21, 19, Lair:1)
  a +0 quarterstaff
(36, -3, Lair:1)
  5 sling bullets
(43, -17, Lair:1)
  6 sling bullets
(43, 7, Lair:1)
  a +2 hunting sling
(44, 13, Lair:1)
  a komodo dragon corpse (skeletalised by now)
(45, -17, Lair:1)
  a potion of curing
(45, -15, Lair:1)
  3 sling bullets
(55, -10, Lair:1)
  14 bolts
(56, -15, Lair:1)
  a +0 leather armour
(57, -16, Lair:1)
  a +0 dagger
(61, -3, Lair:1)
  a +0 quarterstaff

an ice cave
(0, 0, IceCv)
  4 sling bullets
(0, 1, IceCv)
  13 sling bullets
(0, 2, IceCv)
  a sling bullet
(2, 1, IceCv)
  2 sling bullets

