Oddysee

Level 1 of the Dungeon
(0, 0, D:1)
  a +0 short sword
(0, 1, D:1)
  a stone
(0, 18, D:1)
  a +0 dagger
(1, 0, D:1)
  a +0 club
(21, -8, D:1)
  a +0 robe
(37, -9, D:1)
  a +0 hunting sling
(38, 30, D:1)
  a +0 short sword
(40, 34, D:1)
  a +0 club
(41, 20, D:1)
  a +2 hunting sling of freezing
(42, 3, D:1)
  17 poisoned needles
(44, -8, D:1)
  a +0 dagger
(45, -8, D:1)
  a +0 club
(45, 26, D:1)
  17 arrows
(47, -11, D:1)
  8 arrows
(52, 25, D:1)
  10 arrows
(53, 23, D:1)
  30 stones

Level 2 of the Dungeon
(0, 26, D:2)
  a +0 hunting sling
(1, 11, D:2)
  a +0 dagger
(6, -5, D:2)
  a +0 club
(10, -5, D:2)
  a +0 helmet
(11, 2, D:2)
  a +0 club
(23, -1, D:2)
  10 poisoned needles
(24, -10, D:2)
  a +0 club
(29, 5, D:2)
  a +0 club
  a +0 short sword
  a +0 robe
(30, -16, D:2)
  a +0 dagger

Level 3 of the Dungeon
(0, 0, D:3)
  a +0 whip
(5, -32, D:3)
  19 stones
(7, -31, D:3)
  23 stones
(7, -27, D:3)
  a cursed +0 leather armour
(20, -4, D:3)
  a potion of degeneration
(25, -1, D:3)
  a +0 leather armour
(27, -18, D:3)
  15 poisoned needles
(34, 0, D:3)
  a cursed -1 robe

Level 4 of the Dungeon
(0, 0, D:4)
  a +0 scythe
  a +0 robe
(16, 35, D:4)
  a +0 quarterstaff
(20, 33, D:4)
  a +0 trident
(23, 11, D:4)
  a +0 robe
(25, 18, D:4)
  9 sling bullets
(31, 23, D:4)
  24 stones
(36, 41, D:4)
  19 stones
(37, 6, D:4)
  a +0 giant club

Level 5 of the Dungeon
(0, 0, D:5)
  a +2 robe of magic resistance
(16, -19, D:5)
  a +0 flail
(16, -8, D:5)
  a throwing net
(17, -15, D:5)
  a +0 whip
(17, -13, D:5)
  a +0 whip
(17, 1, D:5)
  a +0 dagger
(19, -25, D:5)
  7 poisoned needles
(21, 18, D:5)
  a +0 dagger
(25, 10, D:5)
  a +0 short sword
(25, 11, D:5)
  a +0 dagger
  a +0 robe
  a +0 shortbow
  15 arrows
(25, 12, D:5)
  a +0 club
(25, 13, D:5)
  2 arrows
(25, 14, D:5)
  2 arrows
(25, 15, D:5)
  an arrow
(25, 33, D:5)
  a +0 whip
(26, -7, D:5)
  a +0 giant club
(26, 3, D:5)
  a +0 giant club
(26, 14, D:5)
  an arrow
(31, 31, D:5)
  a +0 giant spiked club
(33, -21, D:5)
  a +0 quarterstaff
(33, -11, D:5)
  15 arrows
(33, 19, D:5)
  a +0 dagger
(34, -27, D:5)
  9 poisoned needles
(42, -1, D:5)
  a +0 quarterstaff
(42, 0, D:5)
  a +0 club
(52, -5, D:5)
  a +0 dagger

Level 6 of the Dungeon
(0, 0, D:6)
  a +0 flail
(7, 11, D:6)
  a +0 club
(15, 3, D:6)
  a +0 leather armour
(16, 4, D:6)
  a +0 dagger
  a +0 robe
(18, 4, D:6)
  a +0 dagger
  a +0 robe
(25, 34, D:6)
  15 arrows
(26, -5, D:6)
  23 sling bullets
(34, 24, D:6)
  a +0 shortbow
  15 arrows
(35, 23, D:6)
  an arrow
(37, 21, D:6)
  2 arrows
(38, 20, D:6)
  an arrow
(41, -15, D:6)
  13 gold pieces
(42, -15, D:6)
  an uncursed amulet of the gourmand
(64, -21, D:6)
  a +0 giant spiked club

Level 7 of the Dungeon
(4, -27, D:7)
  a +0 leather armour
(11, -12, D:7)
  a +0 quarterstaff
(12, 20, D:7)
  22 stones
(19, -23, D:7)
  14 stones
(19, 10, D:7)
  a +0 trident
(22, 2, D:7)
  a +0 leather armour
(24, -7, D:7)
  an uncursed staff of fire
(24, -6, D:7)
  an uncursed staff of air
(26, -6, D:7)
  a +6 longbow of freezing
(26, 11, D:7)
  22 sling bullets
(27, -15, D:7)
  a +0 dagger
  a cursed +0 chain mail
(28, 2, D:7)
  a +0 ring mail
(30, -28, D:7)
  a cursed +0 long sword of freezing
  a +0 robe
(30, 3, D:7)
  21 arrows
(31, -27, D:7)
  a +4 dagger
  a +0 robe
(31, -26, D:7)
  a cursed +4 dagger
  a +0 robe
(31, 1, D:7)
  14 arrows
(33, -6, D:7)
  a +0 hand axe
  3 tomahawks
  a +0 scale mail
  a +3 flail of freezing
  a +0 robe
(34, -5, D:7)
  a tomahawk
(40, 6, D:7)
  a +0 hand axe
(43, -1, D:7)
  a +0 plate armour
(45, -23, D:7)
  a +0 giant club
(60, 19, D:7)
  26 sling bullets

Level 8 of the Dungeon
(0, 0, D:8)
  a +0 giant spiked club
(7, 1, D:8)
  a +0 short sword
  a +0 club
(7, 8, D:8)
  a cursed +0 great sword
  a +0 robe
(8, 0, D:8)
  6 arrows
(8, 1, D:8)
  a +0 shortbow
  13 arrows
  a +0 dagger
(8, 6, D:8)
  a +2 scimitar
  a +0 robe
  a cursed +3 scimitar
  a +0 robe
(8, 7, D:8)
  a +0 robe
(8, 8, D:8)
  a cursed -2 mace
  a +0 robe
(9, -44, D:8)
  a -2 morningstar
(9, -3, D:8)
  a stone
(9, 1, D:8)
  a +0 club
(10, -43, D:8)
  a +0 war axe
  a +0 leather armour
(19, -36, D:8)
  23 bolts
(20, -26, D:8)
  a +0 spear
  a +0 ring mail
(21, -26, D:8)
  a +0 spear
(21, -25, D:8)
  a +0 halberd
(22, -26, D:8)
  a +0 spear
(25, 8, D:8)
  a +0 club
(27, -19, D:8)
  a +0 flail
  a +0 trident
  2 tomahawks
  a +1 leather armour of magic resistance
(27, -18, D:8)
  a +0 trident
  a +0 leather armour
(28, -20, D:8)
  a +0 short sword
  a +0 leather armour
(28, -19, D:8)
  a +0 glaive
  a cursed +0 chain mail
(28, -18, D:8)
  24 bolts
(29, -26, D:8)
  a tomahawk
(31, -44, D:8)
  an uncursed ring of ice
(31, 2, D:8)
  a cursed +0 scale mail
(32, 1, D:8)
  a +0 shortbow
  10 arrows
(35, -5, D:8)
  a cursed +2 falchion of freezing
  a +0 robe
(36, -5, D:8)
  a cursed +4 mace of freezing
  a +0 robe
  a cursed +0 flail
  a +0 robe
(48, -3, D:8)
  a +0 dagger
(49, -3, D:8)
  a +0 trident
  a +0 chain mail
(50, -3, D:8)
  a +0 dagger
  a +0 leather armour
  a +0 scale mail
(52, -8, D:8)
  a +0 short sword
(55, 2, D:8)
  a +0 short sword
(56, -14, D:8)
  6 tomahawks
(56, 5, D:8)
  29 stones

Level 9 of the Dungeon
[Shop] Pemaps's Jewellery Shop
  a +3 ring of intelligence (266 gold)
  a cursed ring of teleportation (76 gold)
  a +3 ring of evasion (357 gold)
  an uncursed ring of fire (425 gold)
  an uncursed amulet of the gourmand (510 gold)
  the ring "Achuo" {MR+ Stlth+} (591 gold)
    [ring of protection from magic]
    
    It affects your resistance to hostile enchantments.
    It makes you more stealthy.
  an uncursed amulet of regeneration (510 gold)
  the ring of Seolem {Wiz +Inv} (748 gold)
    [ring of wizardry]
    
    It improves your spell success rate.
    It lets you turn invisible.
  an uncursed ring of poison resistance (340 gold)
  an uncursed ring of fire (425 gold)
  an uncursed ring of magical power (340 gold)
  a cursed -5 ring of intelligence (34 gold)
  an uncursed ring of protection from cold (425 gold)
  a +4 amulet of reflection (459 gold)
  a cursed ring of teleportation (76 gold)
(0, 0, D:9)
  +0 steam dragon scales
(0, 1, D:9)
  a +0 dagger
  a +0 leather armour
(0, 4, D:9)
  a +2 dagger of pain
  a +0 cloak
(1, 0, D:9)
  a cursed -3 dagger
  a +0 robe
  a +0 club
  a +0 short sword
(10, -4, D:9)
  a +0 falchion
(19, 22, D:9)
  a +0 war axe
(26, -10, D:9)
  a +0 dagger
  a +0 robe
(27, -9, D:9)
  a +0 falchion
  a +0 scale mail
  a +0 dagger
  a +0 robe
(32, -1, D:9)
  a +0 flail
  a +0 ring mail
(32, 20, D:9)
  a +0 dagger
(33, 2, D:9)
  a +1 dagger of venom
  a +0 robe
(33, 16, D:9)
  a +0 falchion
  a +0 leather armour
(34, 2, D:9)
  a +0 leather armour
(34, 16, D:9)
  a +0 club
  a +0 hand axe
  a +0 ring mail
(35, 0, D:9)
  a cursed -3 club
(35, 27, D:9)
  a +0 ring mail
(40, -7, D:9)
  a +0 flail
  a +0 chain mail
  a +0 flail
(41, -7, D:9)
  a cursed -3 dagger
  a +0 robe
(41, -6, D:9)
  a +0 ring mail
(41, 10, D:9)
  a +0 rapier

Level 10 of the Dungeon
(0, 0, D:10)
  a scroll of magic mapping

