Oddysee

Level 1 of the Dungeon
(0, 0, D:1)
  16 stones
(2, 9, D:1)
  a stone
(4, 9, D:1)
  a stone
(9, 29, D:1)
  a +0 club
  3 stones
(11, 28, D:1)
  a stone
(12, 28, D:1)
  a stone
(13, 23, D:1)
  a +0 club
(18, 29, D:1)
  a +0 scale mail
(24, -8, D:1)
  a +0 short sword
(25, 27, D:1)
  a +0 dagger
(30, 30, D:1)
  19 stones
(33, 25, D:1)
  a stone
(34, -9, D:1)
  24 bolts
(34, 28, D:1)
  a stone
(37, 26, D:1)
  18 bolts

Level 2 of the Dungeon
(0, 0, D:2)
  23 stones
(2, 0, D:2)
  a +0 dagger
(4, 10, D:2)
  11 arrows
(5, 8, D:2)
  a +0 dagger
(19, 2, D:2)
  a cursed +0 club
(20, 3, D:2)
  a +0 dagger of freezing
(21, 4, D:2)
  a +0 spear
(28, 3, D:2)
  a +0 falchion
(31, -19, D:2)
  a +0 spear
(31, -17, D:2)
  a +0 mace
(33, -19, D:2)
  a +0 hand axe
(33, -17, D:2)
  a cursed -3 falchion
(33, 3, D:2)
  a +0 short sword
(34, -15, D:2)
  14 stones
(42, -32, D:2)
  a cursed -3 club
(49, -21, D:2)
  a +0 club
(51, 3, D:2)
  18 bolts
(52, -24, D:2)
  16 stones
(53, -22, D:2)
  21 stones

Level 3 of the Dungeon
(0, 0, D:3)
  18 stones
(12, -5, D:3)
  a +0 dagger
  a +0 robe
(12, -3, D:3)
  a +0 club
(32, -10, D:3)
  a +0 dagger
(38, 23, D:3)
  a cursed amulet of inaccuracy
(42, 16, D:3)
  a +0 quarterstaff
(43, 9, D:3)
  a +0 dagger
(48, 6, D:3)
  10 gold pieces
(49, 6, D:3)
  12 gold pieces
  (unseen)
(49, 18, D:3)
  a +0 short sword
  5 stones
(55, 19, D:3)
  11 poisoned needles

Level 4 of the Dungeon
(0, 0, D:4)
  25 bolts
(3, -9, D:4)
  19 stones
(7, -3, D:4)
  21 stones
(13, -10, D:4)
  a +0 dagger
  a +0 chain mail
(18, -3, D:4)
  a +0 leather armour
(23, 4, D:4)
  a +3 ring of intelligence
(29, -7, D:4)
  16 stones
(30, -21, D:4)
  a +0 mace
(33, -27, D:4)
  an adder skeleton

