                    ###         ###           
                  ###.###     ###.###         
                ###.....### ###.....###       
               ##.........###.........##      
               #..........)#...........#      
               #.........))'...........#      
               #.....(....)#.....(.....#      
               #...........#...........#      
               #...........#...........#      
   ?????      ###.........###.......))###     
  ??...???  ###.#'#.....###.###.....#'#.###   
 ??......?###.....###.### ....###.###.....### 
 ?.......##.........###   ......###.........##
??.......#...........#    ....go##8..........#
?........'...........#    ....ogo#8..........#
??..n.n..'....)(.....#    ....ggoo.....(....n#
?........'....)......#    .....go#8..........#
?........#....)......#    .....o##8..........#
??.......##.........###   ......###.........##
 ??....?.?###.....###.### ....###.###))...### 
  ???..???  ###.#'#.....###.###.....#'#.###   
    ????      ###.).......###.........###     
               #)))........#...........#      
               #...........#...........#      
               #.....(.....#)....(.....#      
               #...........))..........#      
               #...........#)..........#      
               ##.........###.........##      
                ###.....### ###.....###       
                  ###.###     ###.###         
                    ###         ###           
