Oddysee

Level 1 of the Dungeon
(0, 0, D:1)
  a cursed -2 club
(2, 33, D:1)
  17 stones
(7, 7, D:1)
  20 stones
(19, 35, D:1)
  a +0 club
(25, -2, D:1)
  8 poisoned needles
(25, 30, D:1)
  a +0 dagger
(26, 4, D:1)
  a +0 club
(27, 16, D:1)
  a +0 club
(27, 29, D:1)
  14 stones
(39, 5, D:1)
  16 stones
(45, 33, D:1)
  a +0 dagger
(47, 6, D:1)
  a +0 mace

Level 2 of the Dungeon
(0, 0, D:2)
  a +0 scythe
  a +0 robe
(5, -21, D:2)
  12 sling bullets
(9, -8, D:2)
  a cursed +0 ring mail
(14, -16, D:2)
  a +0 dagger
(23, -24, D:2)
  12 stones
(24, -16, D:2)
  an uncursed staff of wizardry
(25, -25, D:2)
  a +0 halberd
(26, -25, D:2)
  a +0 short sword
(27, 18, D:2)
  a +0 club
(28, -25, D:2)
  a stone
(29, 22, D:2)
  26 bolts
(30, 18, D:2)
  a +0 club
(34, -15, D:2)
  a +0 club
(36, 4, D:2)
  a +0 club
(38, -19, D:2)
  a +0 dagger
  a +0 robe
(40, -16, D:2)
  a +0 hunting sling
(40, 22, D:2)
  a +0 club
(43, 6, D:2)
  20 arrows

Level 3 of the Dungeon
(0, 0, D:3)
  a +0 dagger
  a +0 falchion
  a +0 flail
  a +0 dagger
(1, -7, D:3)
  a +0 club
(13, 1, D:3)
  8 tomahawks
(21, 36, D:3)
  13 poisoned needles
(23, -9, D:3)
  12 stones
(24, 29, D:3)
  a +0 dagger
(26, 29, D:3)
  a +0 dagger

Level 4 of the Dungeon
(0, 0, D:4)
  an uncursed ring of teleportation
(6, -45, D:4)
  21 stones
(8, -50, D:4)
  a +0 leather armour
(9, -32, D:4)
  a potion of degeneration
(12, -19, D:4)
  a cursed -3 giant club
(19, -48, D:4)
  a +0 giant club
(31, -43, D:4)
  a +0 club
(34, -29, D:4)
  20 arrows
(41, -33, D:4)
  20 stones
(48, -58, D:4)
  19 sling bullets
(48, -33, D:4)
  a cursed -3 giant club
(59, -17, D:4)
  21 sling bullets
(62, -31, D:4)
  15 stones
(64, -61, D:4)
  18 stones

Level 5 of the Dungeon
(3, 7, D:5)
  a +0 chain mail
(27, 28, D:5)
  a ration
(28, 32, D:5)
  a potion of magic

