Oddysee

Level 1 of the Dungeon
(0, 0, D:1)
  14 sling bullets
(20, -43, D:1)
  a dagger
(20, -23, D:1)
  a club
(20, -15, D:1)
  a club
(24, -4, D:1)
  a robe
(28, -24, D:1)
  a dagger of speed
(28, -23, D:1)
  a short sword
(30, -7, D:1)
  15 bolts
(37, -15, D:1)
  a club
(49, -10, D:1)
  a club

Level 2 of the Dungeon
(4, -9, D:2)
  a club
(7, 21, D:2)
  a club
(13, -14, D:2)
  a club
(13, 9, D:2)
  a club
(28, -6, D:2)
  a club
(30, -6, D:2)
  a stone
(33, -6, D:2)
  a leather armour
(34, -5, D:2)
  a club
(37, -4, D:2)
  2 stones
(38, -5, D:2)
  a club
(39, -5, D:2)
  2 stones
(47, 9, D:2)
  a short sword

Level 3 of the Dungeon
(0, 0, D:3)
  a robe
(23, -23, D:3)
  a flail
(24, -25, D:3)
  a poisoned needle
(24, -17, D:3)
  15 bolts
(25, -27, D:3)
  an uncursed blowgun
  12 poisoned needles
(25, -26, D:3)
  a dagger
(29, -24, D:3)
  27 arrows
(33, -31, D:3)
  19 stones
(35, -15, D:3)
  a +1 flail
(35, -3, D:3)
  a stone
(36, -3, D:3)
  a stone
(38, -37, D:3)
  24 arrows
(39, -39, D:3)
  a short sword
(39, -35, D:3)
  20 stones
(39, -3, D:3)
  a stone
(40, -38, D:3)
  12 poisoned needles
(41, -3, D:3)
  a hunting sling
  an uncursed dagger
  20 stones
(45, -30, D:3)
  25 sling bullets
(45, -7, D:3)
  a book of Minor Magic
(46, -5, D:3)
  a scythe
  a runed robe
(48, 1, D:3)
  a short sword
  a dyed leather armour
(50, 5, D:3)
  a potion of degeneration
(51, -15, D:3)
  a short sword
  a ring mail
(51, 2, D:3)
  22 arrows

Level 4 of the Dungeon
(0, 0, D:4)
  11 arrows
(0, 4, D:4)
  a leather armour
(20, -6, D:4)
  a club
  a ring mail
(29, 18, D:4)
  20 arrows
(34, -25, D:4)
  8 poisoned needles
(34, -13, D:4)
  a halberd
(34, -4, D:4)
  a runed hunting sling
(54, -13, D:4)
  a robe
(54, 5, D:4)
  11 arrows
(55, -13, D:4)
  a club
  a scale mail
  a robe
  an animal skin
(58, 13, D:4)
  a scroll of noise
(59, 20, D:4)
  18 stones

Level 5 of the Dungeon
(0, 0, D:5)
  17 sling bullets
(1, 9, D:5)
  a short sword
(2, 2, D:5)
  a giant spiked club
  a giant club
(4, -39, D:5)
  a falchion
(11, -11, D:5)
  30 stones
(20, -36, D:5)
  a spear
(22, -27, D:5)
  a ring mail
(27, -3, D:5)
  a flail of distortion
  a leather armour
(28, 2, D:5)
  14 bolts
(30, -27, D:5)
  a whip
  a flail
  a flail
(31, -26, D:5)
  a halberd
(31, -1, D:5)
  a ring mail
(32, -5, D:5)
  a falchion
  a leather armour
(33, -30, D:5)
  a tomahawk
(33, -13, D:5)
  a short sword
(34, -30, D:5)
  a tomahawk
(35, -30, D:5)
  a tomahawk
(36, -34, D:5)
  a hand axe
(36, 6, D:5)
  a flail
  a scale mail
  a club
  a ring mail
(37, -29, D:5)
  a rapier
(38, -30, D:5)
  a whip
  a leather armour
(39, -28, D:5)
  a giant spiked club

Level 6 of the Dungeon
(0, 0, D:6)
  21 sling bullets
(13, 31, D:6)
  a glowing war axe
  a glowing mace
  a +1 whip of draining
  a +2 whip of freezing
(22, 14, D:6)
  32 stones
(24, 22, D:6)
  a dagger
  a robe
(25, 22, D:6)
  a rapier of speed
  a ring mail
(27, 22, D:6)
  a giant club
(28, 42, D:6)
  a shortbow
(30, -3, D:6)
  an arrow
(31, -1, D:6)
  an arrow
(31, 1, D:6)
  an uncursed shortbow
  9 arrows
(35, 0, D:6)
  a falchion
  a leather armour
(41, 15, D:6)
  a mace
(42, 0, D:6)
  10 stones
(43, -7, D:6)
  a club
(44, 19, D:6)
  a quokka skeleton
(51, -6, D:6)
  an antimagic flail
  a scale mail

