Oddysee

Level 1 of the Dungeon
(0, 0, D:1)
  a whip
(0, 25, D:1)
  a club
(0, 26, D:1)
  a club
(6, 36, D:1)
  a glowing ring mail
  15 stones
(9, 14, D:1)
  a club
(15, -8, D:1)
  21 stones
(16, 18, D:1)
  15 sling bullets
(18, 10, D:1)
  a dagger
(19, 7, D:1)
  a club
(21, 2, D:1)
  20 stones
(22, 4, D:1)
  a short sword
(24, 38, D:1)
  a dagger
(28, -4, D:1)
  a club
(35, 14, D:1)
  a dagger
(44, 27, D:1)
  a short sword
(45, 23, D:1)
  a stone

Level 2 of the Dungeon
(0, 0, D:2)
  a club
(0, 1, D:2)
  a dagger of draining
  19 stones
(4, -21, D:2)
  a club
(8, -8, D:2)
  a dagger
(9, -13, D:2)
  20 stones
(17, -13, D:2)
  a pair of gloves
(23, -2, D:2)
  a dagger
(28, -29, D:2)
  a robe
(31, -21, D:2)
  a scale mail
(36, -28, D:2)
  a whip
(39, -17, D:2)
  18 arrows
(39, -4, D:2)
  a short sword
(43, -30, D:2)
  a dagger
(50, -31, D:2)
  a stone

Level 3 of the Dungeon
(0, 0, D:3)
  11 arrows
(13, -17, D:3)
  20 arrows
(13, 0, D:3)
  a dagger
  a club
(14, 0, D:3)
  a sling bullet
  a dagger
(14, 1, D:3)
  a sling bullet
(14, 15, D:3)
  a spear
(15, 19, D:3)
  a mace
(16, -2, D:3)
  8 sling bullets
  an uncursed hunting sling
  an uncursed dagger
(16, 11, D:3)
  a +0 troll leather armour {Purgy}
  a club
  an animal skin
  a club
(16, 12, D:3)
  a club
  a dagger
(16, 13, D:3)
  a dagger of venom
(17, 11, D:3)
  a club
(21, -11, D:3)
  a leather armour
(23, 4, D:3)
  19 stones
(25, 9, D:3)
  21 arrows
(34, -4, D:3)
  a robe
(35, 19, D:3)
  a quarterstaff
(37, -4, D:3)
  a club
(43, -13, D:3)
  a club
(44, -18, D:3)
  15 stones
(56, 18, D:3)
  10 bolts
(62, 12, D:3)
  a club
(63, 14, D:3)
  2 potions of degeneration

Level 4 of the Dungeon
(0, 0, D:4)
  a falchion
(1, 44, D:4)
  a hand axe
(5, -2, D:4)
  a robe
(12, 46, D:4)
  a leather armour
(23, 18, D:4)
  a hand axe
  a ring mail
  a whip
  a leather armour
  a dagger
  a robe
(25, -6, D:4)
  2 tomahawks
(26, 27, D:4)
  a flail
(55, 7, D:4)
  a robe

Level 5 of the Dungeon
[Shop] Jusoach's Book Boutique
  a book of Necromancy (330 gold)
  a book of Transfigurations (unknown) (605 gold)
  a book of Callings (unknown) (330 gold)
  a book of Conjurations (330 gold)
  a book of Debilitation (unknown) (440 gold)
  a book of Geomancy (unknown) (385 gold)
  a book of Cantrips (unknown) (220 gold)
  a book of Necromancy (330 gold)
  a book of the Sky (unknown) (715 gold)
  the Volume of Freezing Intoxication (724 gold)
    Spells                           Type                      Level
     a - Freeze                       Ice                           1
     b - Ensorcelled Hibernation      Hexes/Ice                     2
     c - Olgreb's Toxic Radiance      Poison                        4
     d - Bolt of Cold                 Conjuration/Ice               6
     e - Ozocubu's Refrigeration      Ice                           6
  the Volume of Vitriolic Battle Magic (480 gold)
    Spells                           Type                      Level
     a - Static Discharge             Conjuration/Air               3
     b - Conjure Flame                Conjuration/Fire              3
     c - Iskenderun's Mystic Blast    Conjuration                   4
     d - Venom Bolt                   Conjuration/Poison            5
  a book of Conjurations (330 gold)
[Shop] Axat Zeov's Antique Armour Emporium
  a chain mail (76 gold)
  a robe (11 gold)
  a chain mail (76 gold)
  a leather armour (34 gold)
  a shimmering chain mail (161 gold)
  a naga barding (391 gold)
  a robe (11 gold)
  spiked fire dragon scales (1105 gold)
  a glowing leather armour (85 gold)
  a leather armour (34 gold)
[Shop] Hetarono's Book Shop
  a book of Debilitation (unknown) (480 gold)
  a book of Maledictions (unknown) (300 gold)
  a book of Beasts (unknown) (660 gold)
  a Necronomicon (unknown) (1324 gold)
  a Young Poisoner's Handbook (unknown) (480 gold)
  a book of Enchantments (unknown) (600 gold)
  a book of Battle (unknown) (480 gold)
  the Collected Works on the Mountains and Flight (780 gold)
    Spells                           Type                      Level
     a - Shock                        Conjuration/Air               1
     b - Sandblast                    Earth                         1
     c - Conjure Ball Lightning       Conjuration/Air               6
     d - Freezing Cloud               Conjuration/Ice/Air           6
     e - Iron Shot                    Conjuration/Earth             6
  a book of the Earth (unknown) (780 gold)
  a book of Clouds (unknown) (540 gold)
[Shop] Siruluocaf's Antique Armour Shop
  a chain mail (121 gold)
  a cloak (121 gold)
  a plate armour (621 gold)
  a glowing chain mail (202 gold)
  a leather armour (54 gold)
  a robe (18 gold)
  a shiny ring mail (189 gold)
  a pair of embroidered gloves (202 gold)
  a chain mail (121 gold)
[Shop] Xeru Vuwki's Antique Weapon Shoppe
  a falchion (69 gold)
  a dagger (46 gold)
  a rapier (92 gold)
  a whip (57 gold)
  a dagger (46 gold)
  a dagger (46 gold)
  a runed mace (138 gold)
(0, 0, D:5)
  the -3 pair of boots "Qaxoilof" {rN+ Str-3 Dex+8}
    It affects your strength (-3).
    It affects your dexterity (+8).
    It protects you from negative energy.
  an uncursed ring of ice
(3, 4, D:5)
  a hunting sling
(5, 12, D:5)
  a robe
(5, 19, D:5)
  20 bolts
(5, 24, D:5)
  a chain mail
(9, 3, D:5)
  a tomahawk
(9, 4, D:5)
  a mace
  a whip
  a tomahawk
  a leather armour
(9, 7, D:5)
  a tomahawk
(10, 2, D:5)
  a mace
(10, 48, D:5)
  a spear
(11, 2, D:5)
  a giant spiked club
(15, 7, D:5)
  22 arrows
(20, 18, D:5)
  25 arrows
(20, 19, D:5)
  a shiny buckler
(20, 20, D:5)
  a scroll of immolation
(20, 21, D:5)
  16 gold pieces
(20, 22, D:5)
  a scroll of enchant armour
(27, 2, D:5)
  an uncursed shortbow
  27 arrows
(29, 2, D:5)
  an arrow
(30, 2, D:5)
  an arrow
(31, 2, D:5)
  an arrow

Level 6 of the Dungeon
(0, 0, D:6)
  a chain mail
(1, 1, D:6)
  27 stones
(15, 39, D:6)
  a dagger
  a robe
(16, 39, D:6)
  a leather armour
(17, 38, D:6)
  a whip
  a leather armour
(17, 39, D:6)
  a flail
(36, -2, D:6)
  a robe
(39, 45, D:6)
  a ring mail
(46, -4, D:6)
  a short sword
  a leather armour
(50, 24, D:6)
  a dagger

Level 7 of the Dungeon
(0, 0, D:7)
  an arrow
(0, 1, D:7)
  2 arrows
(0, 3, D:7)
  2 arrows
(0, 4, D:7)
  an arrow
(0, 6, D:7)
  an uncursed shortbow
  8 arrows
(8, 29, D:7)
  a potion of degeneration
(10, 10, D:7)
  a spear
(16, 9, D:7)
  a scale mail
  a trident
(17, 10, D:7)
  a club
  a whip
  a flail
  a club
(18, 9, D:7)
  a spear
(27, -10, D:7)
  a chain mail
(27, 25, D:7)
  a dagger
  a short sword
  a scale mail
  a dagger
  a robe
  a flail
(30, -7, D:7)
  a hand axe
  an animal skin
(35, 20, D:7)
  a cursed +0 chain mail
  13 arrows
(39, -1, D:7)
  a giant club
(49, 13, D:7)
  14 arrows
  an uncursed shortbow
(51, 11, D:7)
  a dagger
  a cloak
(51, 14, D:7)
  an arrow

Level 8 of the Dungeon
(0, 0, D:8)
  a ring mail
(5, 5, D:8)
  a scroll of noise
(6, 17, D:8)
  19 stones
(12, 6, D:8)
  2 large rocks
(16, -2, D:8)
  a spear
(17, 2, D:8)
  a scimitar
  a throwing net
  a scale mail
(19, 26, D:8)
  16 bolts
(22, -9, D:8)
  a scale mail
(24, 10, D:8)
  a hand axe
(28, -22, D:8)
  a whip
(30, 3, D:8)
  a quarterstaff
  a hunting sling
  29 sling bullets
  a glowing leather armour
(34, -20, D:8)
  a potion of degeneration
(34, -15, D:8)
  an uncursed shortbow
  11 arrows
(34, -13, D:8)
  2 arrows
(34, 16, D:8)
  2 stones
(38, 1, D:8)
  an uncursed shortbow
  16 arrows
(39, 2, D:8)
  6 arrows
(39, 3, D:8)
  a dagger of chaos
  a glowing robe
(54, 13, D:8)
  a spear

Level 9 of the Dungeon
(0, 35, D:9)
  14 arrows
(5, 3, D:9)
  a giant club
(6, 29, D:9)
  a scale mail
(8, 23, D:9)
  10 stones
(9, 26, D:9)
  12 stones
(14, 35, D:9)
  a flail
  a leather armour
  a dagger
  a ring mail
(15, 36, D:9)
  a short sword
  a scale mail
  a club
(20, -6, D:9)
  an uncursed blowgun
  2 poisoned needles
(21, -7, D:9)
  a dagger
(22, -7, D:9)
  a poisoned needle
(26, 34, D:9)
  15 sling bullets
(26, 37, D:9)
  a spear
(27, -5, D:9)
  a shield
(28, 23, D:9)
  a shortbow
(30, 26, D:9)
  a leather armour
(50, 14, D:9)
  a ring mail

Level 10 of the Dungeon
[Shop] Qagoit's Jewellery Boutique
  the amulet of Ypripoerph {Inacc Int+6} (241 gold)
    [amulet of inaccuracy]
    
    It reduces the accuracy of all your attacks.
    It affects your intelligence (+6).
  an uncursed amulet of faith (unknown) (600 gold)
  an uncursed ring of fire (unknown) (375 gold)
  an uncursed ring of fire (unknown) (375 gold)
  a +3 ring of evasion (unknown) (315 gold)
  an uncursed amulet of guardian spirit (unknown) (450 gold)
  an uncursed ring of fire (unknown) (375 gold)
  a +5 ring of intelligence (unknown) (618 gold)
  an uncursed ring of fire (unknown) (375 gold)
  an uncursed ring of poison resistance (unknown) (300 gold)
  an uncursed ring of resist corrosion (unknown) (300 gold)
(0, 0, D:10)
  a giant club
(0, 12, D:10)
  a large rock
(0, 13, D:10)
  a large rock
(1, 15, D:10)
  a large rock
(2, 16, D:10)
  a large rock
(14, -24, D:10)
  a scale mail
(18, -21, D:10)
  a dagger
(34, 12, D:10)
  a trident
  a chain mail
(37, -13, D:10)
  20 sling bullets
(46, 17, D:10)
  a thick jewelled staff

Level 11 of the Dungeon
[Shop] Beixu's Jewellery Boutique
  an uncursed ring of resist corrosion (unknown) (300 gold)
  an uncursed amulet of harm (450 gold)
  a +3 ring of intelligence (unknown) (235 gold)
  the amulet "Soineupec" {Spirit Fragile rF+ rN+ Str+5} (796 gold)
    [amulet of guardian spirit]
    
    It causes incoming damage to be split between your health and magic.
    It affects your strength (+5).
    It protects you from fire.
    It protects you from negative energy.
    It will be destroyed if unequipped.
  an uncursed ring of ice (375 gold)
  an uncursed amulet of the acrobat (unknown) (450 gold)
  the ring of the Mage {Wiz MR++ Int+3} (775 gold)
    [ring of wizardry]
    
    It improves your spell success rate.
    It affects your intelligence (+3).
    It affects your resistance to hostile enchantments.
  an uncursed ring of wizardry (unknown) (450 gold)
  an uncursed ring of magical power (unknown) (300 gold)
  the amulet of the Four Winds {rN+ MR+++ Clar} (658 gold)
    [amulet of nothing]
    
    It protects you from negative energy.
    It affects your resistance to hostile enchantments.
    It protects you against confusion.
  the amulet "Avverim" {Acrobat rPois rF+ rC+} (828 gold)
    [amulet of the acrobat]
    
    It helps you evade while moving and waiting.
    It protects you from fire.
    It protects you from cold.
    It protects you from poison.
(0, 0, D:11)
  a halberd
(2, 12, D:11)
  an uncursed dagger of venom
  an uncursed blowgun
(4, 37, D:11)
  an uncursed shortbow
  19 arrows
(4, 39, D:11)
  2 arrows
(5, 10, D:11)
  a flail
(5, 37, D:11)
  a flail
(14, 1, D:11)
  a curare-tipped needle
(15, 1, D:11)
  a curare-tipped needle
(16, 1, D:11)
  a curare-tipped needle
(16, 2, D:11)
  a curare-tipped needle
(25, 39, D:11)
  a large rock
(26, 38, D:11)
  4 large rocks
(27, 10, D:11)
  a scale mail
(29, 42, D:11)
  a flail

the Ecumenical Temple

Level 1 of the Lair of Beasts
(0, 0, Lair:1)
  a runed falchion
(13, -9, Lair:1)
  a giant club
(16, -2, Lair:1)
  a war axe
(21, -12, Lair:1)
  14 poisoned needles
(22, -12, Lair:1)
  18 stones
(33, -27, Lair:1)
  18 bolts
(46, -16, Lair:1)
  20 stones
(46, -15, Lair:1)
  19 stones

Level 2 of the Lair of Beasts
(0, 0, Lair:2)
  a trident
(1, 0, Lair:2)
  16 gold pieces
(14, 1, Lair:2)
  a +0 chain mail
  a +0 scale mail
(24, 8, Lair:2)
  a halberd
(24, 10, Lair:2)
  a war axe
(25, 9, Lair:2)
  a robe
(25, 10, Lair:2)
  a flail
  a robe
(26, 10, Lair:2)
  a long sword
(31, 3, Lair:2)
  15 bolts
(32, -12, Lair:2)
  25 sling bullets
(32, 29, Lair:2)
  a short sword
(38, 30, Lair:2)
  17 stones
(41, 25, Lair:2)
  a potion of degeneration
(46, 4, Lair:2)
  a ration
(47, 1, Lair:2)
  a wand of polymorph (2)
  (unseen)
(47, 2, Lair:2)
  a scroll of enchant armour
(47, 3, Lair:2)
  27 bolts
(50, 3, Lair:2)
  21 gold pieces

Level 3 of the Lair of Beasts
(0, 0, Lair:3)
  20 arrows
(4, -36, Lair:3)
  an uncursed amulet of harm
(6, -10, Lair:3)
  an arrow
(8, -6, Lair:3)
  a shortbow
  19 arrows
(8, -3, Lair:3)
  an uncursed shortbow
  18 arrows
(9, -5, Lair:3)
  11 arrows
(9, -4, Lair:3)
  an uncursed shortbow
  an uncursed shortbow
  23 arrows
(10, -6, Lair:3)
  an arrow
(10, -4, Lair:3)
  2 arrows
(11, -7, Lair:3)
  an arrow
(17, -43, Lair:3)
  a club
(17, -40, Lair:3)
  17 stones
(21, -27, Lair:3)
  a plate armour
(29, 7, Lair:3)
  19 gold pieces
(29, 8, Lair:3)
  23 gold pieces
(31, 8, Lair:3)
  12 gold pieces
(32, 7, Lair:3)
  a scroll labeled WIENEBLUBLE

