                                                     ##############  
                                                     #............#  
                                      ###            #.##########.#  
                                     ##.####### ###  #.#        #.#  
                           ###########........###.####.#        #.#  
                           #..............^...##.......#        #.#  
                           #.#.###.####.####........####        #.#  
               #############.........##.###.........(..#        #.###
               #...............###.#.##.##.#........##.#        #...#
     ###########.###....##..÷..# #.#.##.#<##.##....(##.#        ###.#
     #...........##.###.##.##.## #.#.>>.........(..()#.#######    #.#
     #.#########.##.#...##.##.#  #.####.#)##.##.##.#.........######.#
     #.#       #.##.#.#.##.##.#  #.#  #.##...#.###.###...........##.#
     #.#       #.......###.##.#  #.#  #.#.....## #.##...####.###.##.#
     #.#       #.####.## #.##.#  #.####......##  #.#.#.#.###.# #.##.#
     #.#       #.#  #.#  #.##.## #...........#####..##.....#.###.##.#
     #.#       #.#  #.#  #.#...# #.#####.........................##.#
     #.#       #(#  #.# ##.##.## #.#   ##.<.#########...#..#.##..##.#
     #.#      ##.####.###..##.#  #.#    ##.##       ##...........##.#
     #.#      #....>.....>.##.#  #.#     #.#         ####..#........#
     #.##     #.######.##.###.####.#######.#            #..####.#####
 #####..#     #.#    #.##.# #......).......#            #.....#.#    
 #......#     #.#    #.##.###..###.#########            ##.##.#.#    
 #.._...#     #.#    #.##.#........#                    #..##...#    
##..8..##     #.#  ###.##..(...#####                    #.###.#.##   
#..._..#      #.#  #........#.##                        #.##.###.#   
#......#      #.#  #.......÷#.#                         #.###.#.##   
#.####.#     ##.####........#.#                         #.# #..##    
#......#######..............#.#                         #.# #..#     
######.........#####..........#                         #.# #..#     
     ###.#######   #.......#.##                         #.# #..#     
       #.#         #.......#.#                          #.# #..#     
       #.#         ####.##.#.#                         ##.# #..#     
       #.#            #.##.#.#                         #..###..#     
       #.#            #.##.#.#                         #.......#     
       #.#            #.##.#[#                         #..####.#     
     ###.####         #.##.#.#                         #..#  #.#     
     #......###   #####.##.#.#                         #..#  #.#     
     #.#......### #........#.###########        ########..####.#     
     #.#.?......###.####...............######   #.............<#     
     #.........??.#.#  #..#######...........#   #.######<.######     
     #...??????(....#  #.)# #..........####.#####.######..#          
     ##.???...?..??.#  #..# #.###.###.......(.............#          
      #.??.???.??.?.#  #..# #.# #.# #.#####.####.########.#          
      #??.?.??????.##  #..###.###.###.#...#.#  #.#      #.#          
        ????.??????.#  #..........##......#)#  #.#      #.#          
        ?.?....?.?.#####.####.......#.#...#.#  #.#      #.#          
        ??._?????.............###..##.......#  #.#      #†#          
         ????????..#####.###..###.#.#.#...######.########.#          
      #??????.??...#   #.###..........#................(..#          
      #............#   #.........)....#.###################          
      #####.######.#   #####..###.###.#.#                            
          #........#       #..# #.###.#.#                            
          ########.#       #..###.......#                            
                 #.#########..........###                            
                 #...........##########                              
                 #############                                       
