Oddysee

Level 1 of the Dungeon
(0, 0, D:1)
  11 arrows
(4, -5, D:1)
  a robe
(7, -13, D:1)
  a whip
  a chain mail
(15, -6, D:1)
  a whip
(15, -3, D:1)
  12 stones
(31, 16, D:1)
  17 arrows
(37, 9, D:1)
  a club
(39, 0, D:1)
  a dagger
(43, -7, D:1)
  a dagger

Level 2 of the Dungeon
(0, 0, D:2)
  a stone
(0, 1, D:2)
  a club
(2, 0, D:2)
  a stone
(3, 0, D:2)
  a stone
(4, -24, D:2)
  2 javelins
(4, 0, D:2)
  a stone
(6, 0, D:2)
  a stone
(15, -8, D:2)
  a short sword
(17, -20, D:2)
  10 stones
(19, -7, D:2)
  21 stones
(26, -24, D:2)
  a robe
(34, -26, D:2)
  a hunting sling
(34, 5, D:2)
  20 stones
(38, -33, D:2)
  16 sling bullets

Level 3 of the Dungeon
(8, 18, D:3)
  a whip
(8, 23, D:3)
  a ring mail
(8, 29, D:3)
  3 stones
(9, 26, D:3)
  a whip
(9, 27, D:3)
  3 stones
(10, 26, D:3)
  a whip
  2 stones
(11, 18, D:3)
  a stone
(12, 18, D:3)
  a stone
(13, 19, D:3)
  a stone
(16, -3, D:3)
  a whip
(16, 10, D:3)
  22 stones
(17, -1, D:3)
  a stone
(18, 0, D:3)
  a stone
(19, 1, D:3)
  a stone
(20, 2, D:3)
  a stone
(22, -18, D:3)
  a dagger
(24, -7, D:3)
  a club
  (unseen)
(25, -8, D:3)
  a dagger
  a robe
(25, 2, D:3)
  a quarterstaff
(27, -7, D:3)
  a trident
  a leather armour
(27, 18, D:3)
  17 stones
(30, 38, D:3)
  a ring mail
(31, 7, D:3)
  a stone
(32, 10, D:3)
  a stone
(32, 11, D:3)
  a stone
(32, 12, D:3)
  a stone
  a hunting sling
(32, 16, D:3)
  an uncursed dagger
  an uncursed hunting sling
  17 stones
(33, 4, D:3)
  a hand axe
  20 stones
(33, 10, D:3)
  a stone
(34, -7, D:3)
  a robe
(36, 21, D:3)
  12 stones
(46, 19, D:3)
  17 stones
(47, 17, D:3)
  a ring mail
(52, 19, D:3)
  10 arrows

Level 4 of the Dungeon
(0, 0, D:4)
  a leather armour
(2, 0, D:4)
  12 bolts
(12, 11, D:4)
  23 stones
(17, 9, D:4)
  a leather armour
(17, 11, D:4)
  a giant club
(18, 11, D:4)
  a vampiric dagger
  a leather armour
(18, 12, D:4)
  a mace
  a ring mail
(24, 5, D:4)
  33 bolts
(24, 24, D:4)
  a club
(47, 24, D:4)
  24 arrows

Level 5 of the Dungeon
[Shop] Nugg's Weapon Boutique
  a +0 trident (42 gold)
  the +7 rapier of the Median {pierce, *Slow rN+ Dex+4} (660 gold)
    It inflicts extra damage upon your enemies.
    
    It affects your dexterity (+4).
    It protects you from negative energy.
    It may slow you when you take damage.
  a +0 flail of crushing (86 gold)
  a +3 giant club (224 gold)
  a +0 short sword (36 gold)
  a +0 long sword (42 gold)
  28 arrows (67 gold)
  a +3 great sword of distortion (398 gold)
  a +0 scythe (36 gold)
  a +0 spear (36 gold)
  a +0 dagger (24 gold)
[Shop] Sabruamu's Jewellery Boutique
  an uncursed ring of see invisible (unknown) (195 gold)
  an uncursed ring of resist corrosion (unknown) (260 gold)
  an uncursed ring of ice (unknown) (325 gold)
  an uncursed ring of flight (227 gold)
  the amulet of Activism {Faith Stlth+} (647 gold)
    [amulet of faith]
    
    It allows you to gain divine favour quickly.
    It makes you more stealthy.
  a +4 ring of dexterity (351 gold)
  the ring "Nungaif" {*Corrode rPois rF+++ Slay+5} (1006 gold)
    [ring of poison resistance]
    
    It affects your accuracy and damage with ranged weapons and melee attacks
    (+5).
    It renders you almost immune to fire.
    It protects you from poison.
    It may corrode you when you take damage.
  a +2 ring of intelligence (unknown) (97 gold)
  a cursed ring of attention (unknown) (58 gold)
  an uncursed ring of flight (227 gold)
  an uncursed amulet of rage (unknown) (520 gold)
(0, 0, D:5)
  a morningstar
(9, -10, D:5)
  a falchion
  a dagger
  a robe
(13, 31, D:5)
  a falchion
(16, -18, D:5)
  6 poisoned needles
(16, 15, D:5)
  a cursed amulet of inaccuracy
(16, 25, D:5)
  a +1 flail
(22, 32, D:5)
  a dagger
  a scale mail
(22, 33, D:5)
  a dagger
  a robe
(24, 32, D:5)
  a club
  a chain mail
(24, 33, D:5)
  a flail
(26, 25, D:5)
  15 stones
(39, 8, D:5)
  a robe
(47, 6, D:5)
  a hunting sling

Level 6 of the Dungeon
[Shop] Quss's General Store
  2 potions of flight (66 gold)
  a scroll of identify (22 gold)
  19 stones (20 gold)
  a +0 falchion (33 gold)
  an uncursed ring of fire (unknown) (275 gold)
  a +0 pair of gloves (49 gold)
  a scroll of noise (unknown) (11 gold)
  a scroll of fear (38 gold)
  25 arrows (55 gold)
  a ration (55 gold)
  23 sling bullets (126 gold)
  2 potions of heal wounds (110 gold)
  a +0 leather armour (22 gold)
[Shop] Xevinefo's Weapon Emporium
  7 stones (7 gold)
  16 bolts (32 gold)
  a +2 spear of flaming (174 gold)
  7 steel tomahawks (105 gold)
  a +0 flail (35 gold)
  a +0 giant spiked club (19 gold)
  17 stones (17 gold)
  a +0 spear (30 gold)
(0, 0, D:6)
  a shield
(10, 25, D:6)
  14 stones
(16, -2, D:6)
  a ring mail
(20, 26, D:6)
  an arrow
(21, -12, D:6)
  a club
(21, 22, D:6)
  19 arrows
  an uncursed shortbow
(23, 19, D:6)
  an arrow
(24, 14, D:6)
  an uncursed shortbow
  15 arrows
(24, 16, D:6)
  an arrow
(24, 17, D:6)
  5 needles of frenzy
(24, 18, D:6)
  2 arrows
(33, -8, D:6)
  25 sling bullets

Level 7 of the Dungeon
(0, 0, D:7)
  a giant spiked club
(15, -21, D:7)
  27 bolts
(18, -8, D:7)
  a scroll of torment
(27, 3, D:7)
  a scale mail
(31, -8, D:7)
  a trident
(35, -19, D:7)
  a hunting sling
(40, -4, D:7)
  a club
  a leather armour
(40, 10, D:7)
  a longbow
(40, 15, D:7)
  a sling bullet
(40, 16, D:7)
  14 sling bullets
(41, 16, D:7)
  a sling bullet
(43, 16, D:7)
  a sling bullet
(45, 16, D:7)
  an uncursed quarterstaff
  an uncursed hunting sling
  14 sling bullets
  a leather armour

Level 8 of the Dungeon
(0, 0, D:8)
  a dagger
(0, 10, D:8)
  a scale mail
(4, -27, D:8)
  25 stones
(8, -30, D:8)
  a rapier
(13, 0, D:8)
  a dagger of chaos
  a glowing robe
(23, 10, D:8)
  a chain mail
(24, -5, D:8)
  18 bolts
(24, -4, D:8)
  8 gold pieces
(25, -4, D:8)
  a ring of dexterity
(25, 12, D:8)
  an uncursed shortbow
  14 arrows
(26, 6, D:8)
  2 arrows
(26, 7, D:8)
  2 arrows
(26, 10, D:8)
  an arrow
(27, -8, D:8)
  17 stones
(28, -1, D:8)
  a wand of acid (9)
(32, 0, D:8)
  a cloak
(37, -26, D:8)
  a centaur barding
(39, -20, D:8)
  a giant club

Level 9 of the Dungeon
(0, 0, D:9)
  a spear
(4, 9, D:9)
  a war axe
(6, 7, D:9)
  12 arrows
(8, -19, D:9)
  a hand axe
  a scale mail
(14, 6, D:9)
  a ring mail
(16, 1, D:9)
  a shortbow
  18 arrows
(17, 3, D:9)
  2 arrows
(17, 12, D:9)
  a short sword of venom
  3 tomahawks
(17, 19, D:9)
  a hand axe
(17, 20, D:9)
  a hand axe
(18, 5, D:9)
  an arrow
(18, 11, D:9)
  16 poisoned needles
(18, 13, D:9)
  a falchion
  a chain mail
(18, 14, D:9)
  a tomahawk
  a war axe
  a leather armour
(18, 31, D:9)
  a leather armour
(19, 6, D:9)
  2 arrows
(19, 8, D:9)
  an arrow
(19, 14, D:9)
  a tomahawk
(21, -21, D:9)
  an uncursed shortbow
  18 arrows
(21, -19, D:9)
  an arrow
(21, -18, D:9)
  an arrow
(21, -17, D:9)
  an arrow
(21, -16, D:9)
  an arrow
(21, -15, D:9)
  an arrow
(23, 14, D:9)
  an uncursed shortbow
  11 arrows
(25, 12, D:9)
  an arrow
(26, 11, D:9)
  an arrow
(27, 10, D:9)
  an arrow
(28, 10, D:9)
  an arrow
(41, 22, D:9)
  a ring mail
(45, -9, D:9)
  a +2 ring of strength
(59, 25, D:9)
  an uncursed dagger
  an uncursed blowgun
  12 poisoned needles
(59, 26, D:9)
  a short sword
  a club
(59, 27, D:9)
  4 stones
  a ring mail
(60, 26, D:9)
  a stone
  a poisoned needle
  a dagger
(60, 28, D:9)
  a stone
(60, 29, D:9)
  a stone
(61, 29, D:9)
  a poisoned needle

Level 10 of the Dungeon
(0, 0, D:10)
  an encrusted long sword
(5, 26, D:10)
  12 bolts
(8, 25, D:10)
  a flail
(8, 26, D:10)
  a chain mail
  a hand axe
  a plate armour
  a dagger
  a scale mail
(8, 27, D:10)
  a hand axe
  a trident of venom
  a chain mail
(8, 28, D:10)
  a flail of holy wrath
(8, 29, D:10)
  a flail
  a mace
  a ring mail
  a hand axe
(9, 5, D:10)
  a war axe
(9, 29, D:10)
  a short sword
  a dire flail
  a plate armour
(9, 38, D:10)
  a +0 chain mail
  a +0 scale mail
(10, 29, D:10)
  a flail
  a chain mail
  a hand axe
  a leather armour
  a hand axe
  a leather armour
(10, 30, D:10)
  a leather armour
(12, 40, D:10)
  a flail of crushing
  a scale mail
(14, 33, D:10)
  a mace
  a ring mail
(14, 39, D:10)
  a leather armour
(14, 40, D:10)
  a flail
  a chain mail
(16, 32, D:10)
  a tomahawk
(16, 41, D:10)
  12 stones
(18, 32, D:10)
  a tomahawk
(19, 53, D:10)
  a javelin
(20, 54, D:10)
  a javelin
(22, 54, D:10)
  2 javelins
  a scale mail
(23, 14, D:10)
  a buckler
(24, 5, D:10)
  a ring mail
(24, 6, D:10)
  a dagger
  a robe
  a leather armour
  a hand axe
  a ring mail
(25, 5, D:10)
  a club
(27, 14, D:10)
  a potion of degeneration
(37, 37, D:10)
  a giant club
  a giant spiked club
(39, 4, D:10)
  16 sling bullets

the Ecumenical Temple

Level 1 of the Lair of Beasts
(0, 0, Lair:1)
  a cloak
(4, -8, Lair:1)
  a robe
(5, -25, Lair:1)
  a scale mail
(8, -42, Lair:1)
  a scale mail
(9, 0, Lair:1)
  21 arrows
(13, -5, Lair:1)
  18 stones
(17, -39, Lair:1)
  a thick jewelled staff
(33, -16, Lair:1)
  20 sling bullets
(41, -34, Lair:1)
  a sack of spiders
(49, 1, Lair:1)
  12 stones
(52, -16, Lair:1)
  a robe

